Archive member included to satisfy reference by file (symbol)

C:/ST/STM32CubeIDE_1.19.0/STM32CubeIDE/plugins/com.st.stm32cube.ide.mcu.externaltools.gnu-tools-for-stm32.13.3.rel1.win32_1.0.0.202411081344/tools/bin/../lib/gcc/arm-none-eabi/13.3.1/../../../../arm-none-eabi/lib/thumb/v7e-m+fp/hard\libc_nano.a(libc_a-exit.o)
                              C:/ST/STM32CubeIDE_1.19.0/STM32CubeIDE/plugins/com.st.stm32cube.ide.mcu.externaltools.gnu-tools-for-stm32.13.3.rel1.win32_1.0.0.202411081344/tools/bin/../lib/gcc/arm-none-eabi/13.3.1/../../../../arm-none-eabi/lib/thumb/v7e-m+fp/hard/crt0.o (exit)
C:/ST/STM32CubeIDE_1.19.0/STM32CubeIDE/plugins/com.st.stm32cube.ide.mcu.externaltools.gnu-tools-for-stm32.13.3.rel1.win32_1.0.0.202411081344/tools/bin/../lib/gcc/arm-none-eabi/13.3.1/../../../../arm-none-eabi/lib/thumb/v7e-m+fp/hard\libc_nano.a(libc_a-malloc.o)
                              ./Drivers/Ethernet_W550/httpServer/httpServer.o (malloc)
C:/ST/STM32CubeIDE_1.19.0/STM32CubeIDE/plugins/com.st.stm32cube.ide.mcu.externaltools.gnu-tools-for-stm32.13.3.rel1.win32_1.0.0.202411081344/tools/bin/../lib/gcc/arm-none-eabi/13.3.1/../../../../arm-none-eabi/lib/thumb/v7e-m+fp/hard\libc_nano.a(libc_a-mallocr.o)
                              C:/ST/STM32CubeIDE_1.19.0/STM32CubeIDE/plugins/com.st.stm32cube.ide.mcu.externaltools.gnu-tools-for-stm32.13.3.rel1.win32_1.0.0.202411081344/tools/bin/../lib/gcc/arm-none-eabi/13.3.1/../../../../arm-none-eabi/lib/thumb/v7e-m+fp/hard\libc_nano.a(libc_a-malloc.o) (_malloc_r)
C:/ST/STM32CubeIDE_1.19.0/STM32CubeIDE/plugins/com.st.stm32cube.ide.mcu.externaltools.gnu-tools-for-stm32.13.3.rel1.win32_1.0.0.202411081344/tools/bin/../lib/gcc/arm-none-eabi/13.3.1/../../../../arm-none-eabi/lib/thumb/v7e-m+fp/hard\libc_nano.a(libc_a-mlock.o)
                              C:/ST/STM32CubeIDE_1.19.0/STM32CubeIDE/plugins/com.st.stm32cube.ide.mcu.externaltools.gnu-tools-for-stm32.13.3.rel1.win32_1.0.0.202411081344/tools/bin/../lib/gcc/arm-none-eabi/13.3.1/../../../../arm-none-eabi/lib/thumb/v7e-m+fp/hard\libc_nano.a(libc_a-mallocr.o) (__malloc_lock)
C:/ST/STM32CubeIDE_1.19.0/STM32CubeIDE/plugins/com.st.stm32cube.ide.mcu.externaltools.gnu-tools-for-stm32.13.3.rel1.win32_1.0.0.202411081344/tools/bin/../lib/gcc/arm-none-eabi/13.3.1/../../../../arm-none-eabi/lib/thumb/v7e-m+fp/hard\libc_nano.a(libc_a-strtol.o)
                              ./Drivers/Ethernet_W550/http_server_example.o (strtol)
C:/ST/STM32CubeIDE_1.19.0/STM32CubeIDE/plugins/com.st.stm32cube.ide.mcu.externaltools.gnu-tools-for-stm32.13.3.rel1.win32_1.0.0.202411081344/tools/bin/../lib/gcc/arm-none-eabi/13.3.1/../../../../arm-none-eabi/lib/thumb/v7e-m+fp/hard\libc_nano.a(libc_a-ctype_.o)
                              C:/ST/STM32CubeIDE_1.19.0/STM32CubeIDE/plugins/com.st.stm32cube.ide.mcu.externaltools.gnu-tools-for-stm32.13.3.rel1.win32_1.0.0.202411081344/tools/bin/../lib/gcc/arm-none-eabi/13.3.1/../../../../arm-none-eabi/lib/thumb/v7e-m+fp/hard\libc_nano.a(libc_a-strtol.o) (_ctype_)
C:/ST/STM32CubeIDE_1.19.0/STM32CubeIDE/plugins/com.st.stm32cube.ide.mcu.externaltools.gnu-tools-for-stm32.13.3.rel1.win32_1.0.0.202411081344/tools/bin/../lib/gcc/arm-none-eabi/13.3.1/../../../../arm-none-eabi/lib/thumb/v7e-m+fp/hard\libc_nano.a(libc_a-findfp.o)
                              C:/ST/STM32CubeIDE_1.19.0/STM32CubeIDE/plugins/com.st.stm32cube.ide.mcu.externaltools.gnu-tools-for-stm32.13.3.rel1.win32_1.0.0.202411081344/tools/bin/../lib/gcc/arm-none-eabi/13.3.1/../../../../arm-none-eabi/lib/thumb/v7e-m+fp/hard\libc_nano.a(libc_a-exit.o) (__stdio_exit_handler)
C:/ST/STM32CubeIDE_1.19.0/STM32CubeIDE/plugins/com.st.stm32cube.ide.mcu.externaltools.gnu-tools-for-stm32.13.3.rel1.win32_1.0.0.202411081344/tools/bin/../lib/gcc/arm-none-eabi/13.3.1/../../../../arm-none-eabi/lib/thumb/v7e-m+fp/hard\libc_nano.a(libc_a-fwalk.o)
                              C:/ST/STM32CubeIDE_1.19.0/STM32CubeIDE/plugins/com.st.stm32cube.ide.mcu.externaltools.gnu-tools-for-stm32.13.3.rel1.win32_1.0.0.202411081344/tools/bin/../lib/gcc/arm-none-eabi/13.3.1/../../../../arm-none-eabi/lib/thumb/v7e-m+fp/hard\libc_nano.a(libc_a-findfp.o) (_fwalk_sglue)
C:/ST/STM32CubeIDE_1.19.0/STM32CubeIDE/plugins/com.st.stm32cube.ide.mcu.externaltools.gnu-tools-for-stm32.13.3.rel1.win32_1.0.0.202411081344/tools/bin/../lib/gcc/arm-none-eabi/13.3.1/../../../../arm-none-eabi/lib/thumb/v7e-m+fp/hard\libc_nano.a(libc_a-printf.o)
                              ./Drivers/Ethernet_W550/httpServer/httpServer.o (printf)
C:/ST/STM32CubeIDE_1.19.0/STM32CubeIDE/plugins/com.st.stm32cube.ide.mcu.externaltools.gnu-tools-for-stm32.13.3.rel1.win32_1.0.0.202411081344/tools/bin/../lib/gcc/arm-none-eabi/13.3.1/../../../../arm-none-eabi/lib/thumb/v7e-m+fp/hard\libc_nano.a(libc_a-puts.o)
                              ./Drivers/Ethernet_W550/httpServer/httpServer.o (puts)
[...]
Memory Configuration

Name             Origin             Length             Attributes
RAM              0x20000000         0x00010000         xrw
FLASH            0x08000000         0x00040000         xr
*default*        0x00000000         0xffffffff

Linker script and memory map

LOAD C:/ST/STM32CubeIDE_1.19.0/STM32CubeIDE/plugins/com.st.stm32cube.ide.mcu.externaltools.gnu-tools-for-stm32.13.3.rel1.win32_1.0.0.202411081344/tools/bin/../lib/gcc/arm-none-eabi/13.3.1/thumb/v7e-m+fp/hard/crti.o
LOAD C:/ST/STM32CubeIDE_1.19.0/STM32CubeIDE/plugins/com.st.stm32cube.ide.mcu.externaltools.gnu-tools-for-stm32.13.3.rel1.win32_1.0.0.202411081344/tools/bin/../lib/gcc/arm-none-eabi/13.3.1/thumb/v7e-m+fp/hard/crtbegin.o
LOAD C:/ST/STM32CubeIDE_1.19.0/STM32CubeIDE/plugins/com.st.stm32cube.ide.mcu.externaltools.gnu-tools-for-stm32.13.3.rel1.win32_1.0.0.202411081344/tools/bin/../lib/gcc/arm-none-eabi/13.3.1/../../../../arm-none-eabi/lib/thumb/v7e-m+fp/hard/crt0.o
LOAD ./Core/Src/main.o
LOAD ./Core/Src/stm32f4xx_hal_msp.o
LOAD ./Core/Src/stm32f4xx_hal_timebase_tim.o
LOAD ./Core/Src/stm32f4xx_it.o
LOAD ./Core/Src/syscalls.o
LOAD ./Core/Src/sysmem.o
LOAD ./Core/Src/system_stm32f4xx.o
LOAD ./Core/Startup/startup_stm32f401ccux.o
LOAD ./Drivers/Ethernet_W550/DHCP/dhcp.o
LOAD ./Drivers/Ethernet_W550/DNS/dns.o
LOAD ./Drivers/Ethernet_W550/W5500/w5500.o
LOAD ./Drivers/Ethernet_W550/httpServer/httpParser.o
LOAD ./Drivers/Ethernet_W550/httpServer/httpServer.o
LOAD ./Drivers/Ethernet_W550/httpServer/httpUtil.o
LOAD ./Drivers/Ethernet_W550/http_server_example.o
LOAD ./Drivers/Ethernet_W550/socket.o
LOAD ./Drivers/Ethernet_W550/wizchip_conf.o
LOAD ./Drivers/Ethernet_W550/wizchip_port.o
LOAD ./Drivers/STM32F4xx_HAL_Driver/Src/stm32f4xx_hal.o
LOAD ./Drivers/STM32F4xx_HAL_Driver/Src/stm32f4xx_hal_cortex.o
LOAD ./Drivers/STM32F4xx_HAL_Driver/Src/stm32f4xx_hal_dma.o
LOAD ./Drivers/STM32F4xx_HAL_Driver/Src/stm32f4xx_hal_dma_ex.o
LOAD ./Drivers/STM32F4xx_HAL_Driver/Src/stm32f4xx_hal_exti.o
LOAD ./Drivers/STM32F4xx_HAL_Driver/Src/stm32f4xx_hal_flash.o
LOAD ./Drivers/STM32F4xx_HAL_Driver/Src/stm32f4xx_hal_flash_ex.o
LOAD ./Drivers/STM32F4xx_HAL_Driver/Src/stm32f4xx_hal_flash_ramfunc.o
LOAD ./Drivers/STM32F4xx_HAL_Driver/Src/stm32f4xx_hal_gpio.o
LOAD ./Drivers/STM32F4xx_HAL_Driver/Src/stm32f4xx_hal_pwr.o
LOAD ./Drivers/STM32F4xx_HAL_Driver/Src/stm32f4xx_hal_pwr_ex.o
LOAD ./Drivers/STM32F4xx_HAL_Driver/Src/stm32f4xx_hal_rcc.o
LOAD ./Drivers/STM32F4xx_HAL_Driver/Src/stm32f4xx_hal_rcc_ex.o
LOAD ./Drivers/STM32F4xx_HAL_Driver/Src/stm32f4xx_hal_spi.o
LOAD ./Drivers/STM32F4xx_HAL_Driver/Src/stm32f4xx_hal_tim.o
LOAD ./Drivers/STM32F4xx_HAL_Driver/Src/stm32f4xx_hal_tim_ex.o
LOAD ./Drivers/STM32F4xx_HAL_Driver/Src/stm32f4xx_hal_uart.o
START GROUP
LOAD C:/ST/STM32CubeIDE_1.19.0/STM32CubeIDE/plugins/com.st.stm32cube.ide.mcu.externaltools.gnu-tools-for-stm32.13.3.rel1.win32_1.0.0.202411081344/tools/bin/../lib/gcc/arm-none-eabi/13.3.1/../../../../arm-none-eabi/lib/thumb/v7e-m+fp/hard\libc_nano.a
LOAD C:/ST/STM32CubeIDE_1.19.0/STM32CubeIDE/plugins/com.st.stm32cube.ide.mcu.externaltools.gnu-tools-for-stm32.13.3.rel1.win32_1.0.0.202411081344/tools/bin/../lib/gcc/arm-none-eabi/13.3.1/../../../../arm-none-eabi/lib/thumb/v7e-m+fp/hard\libm.a
END GROUP
START GROUP
LOAD C:/ST/STM32CubeIDE_1.19.0/STM32CubeIDE/plugins/com.st.stm32cube.ide.mcu.externaltools.gnu-tools-for-stm32.13.3.rel1.win32_1.0.0.202411081344/tools/bin/../lib/gcc/arm-none-eabi/13.3.1/thumb/v7e-m+fp/hard\libgcc.a
LOAD C:/ST/STM32CubeIDE_1.19.0/STM32CubeIDE/plugins/com.st.stm32cube.ide.mcu.externaltools.gnu-tools-for-stm32.13.3.rel1.win32_1.0.0.202411081344/tools/bin/../lib/gcc/arm-none-eabi/13.3.1/../../../../arm-none-eabi/lib/thumb/v7e-m+fp/hard\libc_nano.a
END GROUP
START GROUP
LOAD C:/ST/STM32CubeIDE_1.19.0/STM32CubeIDE/plugins/com.st.stm32cube.ide.mcu.externaltools.gnu-tools-for-stm32.13.3.rel1.win32_1.0.0.202411081344/tools/bin/../lib/gcc/arm-none-eabi/13.3.1/thumb/v7e-m+fp/hard\libgcc.a
LOAD C:/ST/STM32CubeIDE_1.19.0/STM32CubeIDE/plugins/com.st.stm32cube.ide.mcu.externaltools.gnu-tools-for-stm32.13.3.rel1.win32_1.0.0.202411081344/tools/bin/../lib/gcc/arm-none-eabi/13.3.1/../../../../arm-none-eabi/lib/thumb/v7e-m+fp/hard\libc_nano.a
LOAD C:/ST/STM32CubeIDE_1.19.0/STM32CubeIDE/plugins/com.st.stm32cube.ide.mcu.externaltools.gnu-tools-for-stm32.13.3.rel1.win32_1.0.0.202411081344/tools/bin/../lib/gcc/arm-none-eabi/13.3.1/../../../../arm-none-eabi/lib/thumb/v7e-m+fp/hard\libnosys.a
END GROUP
START GROUP
LOAD C:/ST/STM32CubeIDE_1.19.0/STM32CubeIDE/plugins/com.st.stm32cube.ide.mcu.externaltools.gnu-tools-for-stm32.13.3.rel1.win32_1.0.0.202411081344/tools/bin/../lib/gcc/arm-none-eabi/13.3.1/thumb/v7e-m+fp/hard\libgcc.a
LOAD C:/ST/STM32CubeIDE_1.19.0/STM32CubeIDE/plugins/com.st.stm32cube.ide.mcu.externaltools.gnu-tools-for-stm32.13.3.rel1.win32_1.0.0.202411081344/tools/bin/../lib/gcc/arm-none-eabi/13.3.1/../../../../arm-none-eabi/lib/thumb/v7e-m+fp/hard\libc_nano.a
LOAD C:/ST/STM32CubeIDE_1.19.0/STM32CubeIDE/plugins/com.st.stm32cube.ide.mcu.externaltools.gnu-tools-for-stm32.13.3.rel1.win32_1.0.0.202411081344/tools/bin/../lib/gcc/arm-none-eabi/13.3.1/../../../../arm-none-eabi/lib/thumb/v7e-m+fp/hard\libnosys.a
END GROUP
LOAD C:/ST/STM32CubeIDE_1.19.0/STM32CubeIDE/plugins/com.st.stm32cube.ide.mcu.externaltools.gnu-tools-for-stm32.13.3.rel1.win32_1.0.0.202411081344/tools/bin/../lib/gcc/arm-none-eabi/13.3.1/thumb/v7e-m+fp/hard/crtend.o
LOAD C:/ST/STM32CubeIDE_1.19.0/STM32CubeIDE/plugins/com.st.stm32cube.ide.mcu.externaltools.gnu-tools-for-stm32.13.3.rel1.win32_1.0.0.202411081344/tools/bin/../lib/gcc/arm-none-eabi/13.3.1/thumb/v7e-m+fp/hard/crtn.o
                0x20010000                        _estack = (ORIGIN (RAM) + LENGTH (RAM))
                0x00000200                        _Min_Heap_Size = 0x200
                0x00000400                        _Min_Stack_Size = 0x400

.isr_vector     0x08000000      0x194
                0x08000000                        . = ALIGN (0x4)
 *(.isr_vector)
 .isr_vector    0x08000000      0x194 ./Core/Startup/startup_stm32f401ccux.o
                0x08000000                g_pfnVectors
                0x08000194                        . = ALIGN (0x4)

.text           0x080001a0     0xa1bc
                0x080001a0                        . = ALIGN (0x4)
 *(.text)
 .text          0x080001a0       0x40 C:/ST/STM32CubeIDE_1.19.0/STM32CubeIDE/plugins/com.st.stm32cube.ide.mcu.externaltools.gnu-tools-for-stm32.13.3.rel1.win32_1.0.0.202411081344/tools/bin/../lib/gcc/arm-none-eabi/13.3.1/thumb/v7e-m+fp/hard/crtbegin.o
 .text          0x080001e0       0x14 C:/ST/STM32CubeIDE_1.19.0/STM32CubeIDE/plugins/com.st.stm32cube.ide.mcu.externaltools.gnu-tools-for-stm32.13.3.rel1.win32_1.0.0.202411081344/tools/bin/../lib/gcc/arm-none-eabi/13.3.1/../../../../arm-none-eabi/lib/thumb/v7e-m+fp/hard\libc_nano.a(libc_a-strcmp.o)
                0x080001e0                strcmp
 .text          0x080001f4       0x10 C:/ST/STM32CubeIDE_1.19.0/STM32CubeIDE/plugins/com.st.stm32cube.ide.mcu.externaltools.gnu-tools-for-stm32.13.3.rel1.win32_1.0.0.202411081344/tools/bin/../lib/gcc/arm-none-eabi/13.3.1/../../../../arm-none-eabi/lib/thumb/v7e-m+fp/hard\libc_nano.a(libc_a-strlen.o)
                0x080001f4                strlen
 *fill*         0x08000204        0xc 
 .text          0x08000210       0xa0 C:/ST/STM32CubeIDE_1.19.0/STM32CubeIDE/plugins/com.st.stm32cube.ide.mcu.externaltools.gnu-tools-for-stm32.13.3.rel1.win32_1.0.0.202411081344/tools/bin/../lib/gcc/arm-none-eabi/13.3.1/../../../../arm-none-eabi/lib/thumb/v7e-m+fp/hard\libc_nano.a(libc_a-memchr.o)
                0x08000210                memchr
 .text          0x080002b0       0x30 C:/ST/STM32CubeIDE_1.19.0/STM32CubeIDE/plugins/com.st.stm32cube.ide.mcu.externaltools.gnu-tools-for-stm32.13.3.rel1.win32_1.0.0.202411081344/tools/bin/../lib/gcc/arm-none-eabi/13.3.1/thumb/v7e-m+fp/hard\libgcc.a(_aeabi_uldivmod.o)
                0x080002b0                __aeabi_uldivmod
 .text          0x080002e0      0x2f8 C:/ST/STM32CubeIDE_1.19.0/STM32CubeIDE/plugins/com.st.stm32cube.ide.mcu.externaltools.gnu-tools-for-stm32.13.3.rel1.win32_1.0.0.202411081344/tools/bin/../lib/gcc/arm-none-eabi/13.3.1/thumb/v7e-m+fp/hard\libgcc.a(_udivmoddi4.o)
                0x080002e0                __udivmoddi4
 .text          0x080005d8        0x4 C:/ST/STM32CubeIDE_1.19.0/STM32CubeIDE/plugins/com.st.stm32cube.ide.mcu.externaltools.gnu-tools-for-stm32.13.3.rel1.win32_1.0.0.202411081344/tools/bin/../lib/gcc/arm-none-eabi/13.3.1/thumb/v7e-m+fp/hard\libgcc.a(_dvmd_tls.o)
                0x080005d8                __aeabi_idiv0
                0x080005d8                __aeabi_ldiv0
 *(.text*)
 .text.main     0x080005dc       0x40 ./Core/Src/main.o
                0x080005dc                main
 .text.SystemClock_Config
                0x0800061c       0xd4 ./Core/Src/main.o
                0x0800061c                SystemClock_Config
 .text.MX_SPI1_Init
                0x080006f0       0x6c ./Core/Src/main.o
 .text.MX_USART2_UART_Init
                0x0800075c       0x54 ./Core/Src/main.o
 .text.MX_GPIO_Init
                0x080007b0       0x84 ./Core/Src/main.o
 .text.HAL_TIM_PeriodElapsedCallback
                0x08000834       0x24 ./Core/Src/main.o
                0x08000834                HAL_TIM_PeriodElapsedCallback
 .text.Error_Handler
                0x08000858        0xc ./Core/Src/main.o
                0x08000858                Error_Handler
 .text.HAL_MspInit
                0x08000864       0x50 ./Core/Src/stm32f4xx_hal_msp.o
                0x08000864                HAL_MspInit
 .text.HAL_SPI_MspInit
                0x080008b4       0x90 ./Core/Src/stm32f4xx_hal_msp.o
                0x080008b4                HAL_SPI_MspInit
 .text.HAL_UART_MspInit
                0x08000944       0x90 ./Core/Src/stm32f4xx_hal_msp.o
                0x08000944                HAL_UART_MspInit
 .text.HAL_InitTick
                0x080009d4       0xe4 ./Core/Src/stm32f4xx_hal_timebase_tim.o
                0x080009d4                HAL_InitTick
 .text.NMI_Handler
                0x08000ab8        0x8 ./Core/Src/stm32f4xx_it.o
                0x08000ab8                NMI_Handler
 .text.HardFault_Handler
                0x08000ac0        0x8 ./Core/Src/stm32f4xx_it.o
                0x08000ac0                HardFault_Handler
 .text.MemManage_Handler
                0x08000ac8        0x8 ./Core/Src/stm32f4xx_it.o
                0x08000ac8                MemManage_Handler
 .text.BusFault_Handler
                0x08000ad0        0x8 ./Core/Src/stm32f4xx_it.o
                0x08000ad0                BusFault_Handler
 .text.UsageFault_Handler
                0x08000ad8        0x8 ./Core/Src/stm32f4xx_it.o
                0x08000ad8                UsageFault_Handler
 .text.SVC_Handler
                0x08000ae0        0xe ./Core/Src/stm32f4xx_it.o
                0x08000ae0                SVC_Handler
 .text.DebugMon_Handler
                0x08000aee        0xe ./Core/Src/stm32f4xx_it.o
                0x08000aee                DebugMon_Handler
 .text.PendSV_Handler
                0x08000afc        0xe ./Core/Src/stm32f4xx_it.o
                0x08000afc                PendSV_Handler
 .text.SysTick_Handler
                0x08000b0a        0xe ./Core/Src/stm32f4xx_it.o
                0x08000b0a                SysTick_Handler
 .text.TIM1_UP_TIM10_IRQHandler
                0x08000b18       0x14 ./Core/Src/stm32f4xx_it.o
                0x08000b18                TIM1_UP_TIM10_IRQHandler
 .text._getpid  0x08000b2c       0x10 ./Core/Src/syscalls.o
                0x08000b2c                _getpid
 .text._kill    0x08000b3c       0x20 ./Core/Src/syscalls.o
                0x08000b3c                _kill
 .text._exit    0x08000b5c       0x16 ./Core/Src/syscalls.o
                0x08000b5c                _exit
 .text._read    0x08000b72       0x3a ./Core/Src/syscalls.o
                0x08000b72                _read
 .text._close   0x08000bac       0x18 ./Core/Src/syscalls.o
                0x08000bac                _close
 .text._fstat   0x08000bc4       0x20 ./Core/Src/syscalls.o
                0x08000bc4                _fstat
 .text._isatty  0x08000be4       0x16 ./Core/Src/syscalls.o
                0x08000be4                _isatty
 .text._lseek   0x08000bfa       0x1a ./Core/Src/syscalls.o
                0x08000bfa                _lseek
 .text._sbrk    0x08000c14       0x6c ./Core/Src/sysmem.o
                0x08000c14                _sbrk
 .text.SystemInit
                0x08000c80       0x24 ./Core/Src/system_stm32f4xx.o
                0x08000c80                SystemInit
 .text.Reset_Handler
                0x08000ca4       0x50 ./Core/Startup/startup_stm32f401ccux.o
                0x08000ca4                Reset_Handler
 .text.Default_Handler
                0x08000cf4        0x2 ./Core/Startup/startup_stm32f401ccux.o
                0x08000cf4                RTC_Alarm_IRQHandler
                0x08000cf4                EXTI2_IRQHandler
                0x08000cf4                SPI4_IRQHandler
                0x08000cf4                TIM1_CC_IRQHandler
                0x08000cf4                DMA2_Stream5_IRQHandler
                0x08000cf4                DMA1_Stream5_IRQHandler
                0x08000cf4                PVD_IRQHandler
                0x08000cf4                SDIO_IRQHandler
                0x08000cf4                TAMP_STAMP_IRQHandler
                0x08000cf4                EXTI3_IRQHandler
                0x08000cf4                I2C3_ER_IRQHandler
                0x08000cf4                EXTI0_IRQHandler
                0x08000cf4                I2C2_EV_IRQHandler
                0x08000cf4                DMA1_Stream2_IRQHandler
                0x08000cf4                FPU_IRQHandler
                0x08000cf4                DMA2_Stream2_IRQHandler
                0x08000cf4                SPI1_IRQHandler
                0x08000cf4                TIM1_BRK_TIM9_IRQHandler
                0x08000cf4                DMA2_Stream3_IRQHandler
                0x08000cf4                USART6_IRQHandler
                0x08000cf4                DMA2_Stream0_IRQHandler
                0x08000cf4                TIM4_IRQHandler
                0x08000cf4                I2C1_EV_IRQHandler
                0x08000cf4                DMA1_Stream6_IRQHandler
                0x08000cf4                DMA1_Stream1_IRQHandler
                0x08000cf4                TIM3_IRQHandler
                0x08000cf4                RCC_IRQHandler
                0x08000cf4                Default_Handler
                0x08000cf4                EXTI15_10_IRQHandler
                0x08000cf4                ADC_IRQHandler
                0x08000cf4                DMA1_Stream7_IRQHandler
                0x08000cf4                TIM5_IRQHandler
                0x08000cf4                DMA2_Stream7_IRQHandler
                0x08000cf4                I2C3_EV_IRQHandler
                0x08000cf4                EXTI9_5_IRQHandler
                0x08000cf4                RTC_WKUP_IRQHandler
                0x08000cf4                SPI2_IRQHandler
                0x08000cf4                DMA1_Stream0_IRQHandler
                0x08000cf4                EXTI4_IRQHandler
                0x08000cf4                WWDG_IRQHandler
                0x08000cf4                TIM2_IRQHandler
                0x08000cf4                OTG_FS_WKUP_IRQHandler
                0x08000cf4                TIM1_TRG_COM_TIM11_IRQHandler
                0x08000cf4                EXTI1_IRQHandler
                0x08000cf4                USART2_IRQHandler
                0x08000cf4                I2C2_ER_IRQHandler
                0x08000cf4                DMA2_Stream1_IRQHandler
                0x08000cf4                FLASH_IRQHandler
                0x08000cf4                DMA2_Stream4_IRQHandler
                0x08000cf4                USART1_IRQHandler
                0x08000cf4                OTG_FS_IRQHandler
                0x08000cf4                SPI3_IRQHandler
                0x08000cf4                DMA1_Stream4_IRQHandler
                0x08000cf4                I2C1_ER_IRQHandler
                0x08000cf4                DMA2_Stream6_IRQHandler
                0x08000cf4                DMA1_Stream3_IRQHandler
 *fill*         0x08000cf6        0x2 
 .text.default_ip_assign
                0x08000cf8       0x38 ./Drivers/Ethernet_W550/DHCP/dhcp.o
                0x08000cf8                default_ip_assign
 .text.default_ip_update
                0x08000d30       0x2c ./Drivers/Ethernet_W550/DHCP/dhcp.o
                0x08000d30                default_ip_update
 .text.default_ip_conflict
                0x08000d5c       0x28 ./Drivers/Ethernet_W550/DHCP/dhcp.o
                0x08000d5c                default_ip_conflict
 .text.reg_dhcp_cbfunc
                0x08000d84       0x68 ./Drivers/Ethernet_W550/DHCP/dhcp.o
                0x08000d84                reg_dhcp_cbfunc
 .text.makeDHCPMSG
                0x08000dec      0x1ec ./Drivers/Ethernet_W550/DHCP/dhcp.o
                0x08000dec                makeDHCPMSG
 .text.send_DHCP_DISCOVER
                0x08000fd8      0x38c ./Drivers/Ethernet_W550/DHCP/dhcp.o
                0x08000fd8                send_DHCP_DISCOVER
 .text.send_DHCP_REQUEST
                0x08001364      0x514 ./Drivers/Ethernet_W550/DHCP/dhcp.o
                0x08001364                send_DHCP_REQUEST
 .text.send_DHCP_DECLINE
                0x08001878      0x2a4 ./Drivers/Ethernet_W550/DHCP/dhcp.o
                0x08001878                send_DHCP_DECLINE
 .text.parseDHCPMSG
                0x08001b1c      0x43c ./Drivers/Ethernet_W550/DHCP/dhcp.o
                0x08001b1c                parseDHCPMSG
 .text.DHCP_run
                0x08001f58      0x234 ./Drivers/Ethernet_W550/DHCP/dhcp.o
                0x08001f58                DHCP_run
 .text.check_DHCP_timeout
                0x0800218c       0xc0 ./Drivers/Ethernet_W550/DHCP/dhcp.o
                0x0800218c                check_DHCP_timeout
 .text.check_DHCP_leasedIP
                0x0800224c       0x7c ./Drivers/Ethernet_W550/DHCP/dhcp.o
                0x0800224c                check_DHCP_leasedIP
 .text.DHCP_init
                0x080022c8      0x128 ./Drivers/Ethernet_W550/DHCP/dhcp.o
                0x080022c8                DHCP_init
 .text.reset_DHCP_timeout
                0x080023f0       0x2c ./Drivers/Ethernet_W550/DHCP/dhcp.o
                0x080023f0                reset_DHCP_timeout
 .text.getIPfromDHCP
                0x0800241c       0x40 ./Drivers/Ethernet_W550/DHCP/dhcp.o
                0x0800241c                getIPfromDHCP
 .text.getGWfromDHCP
                0x0800245c       0x40 ./Drivers/Ethernet_W550/DHCP/dhcp.o
                0x0800245c                getGWfromDHCP
 .text.getSNfromDHCP
                0x0800249c       0x40 ./Drivers/Ethernet_W550/DHCP/dhcp.o
                0x0800249c                getSNfromDHCP
 .text.getDNSfromDHCP
                0x080024dc       0x40 ./Drivers/Ethernet_W550/DHCP/dhcp.o
                0x080024dc                getDNSfromDHCP
 .text.NibbleToHex
                0x0800251c       0x32 ./Drivers/Ethernet_W550/DHCP/dhcp.o
                0x0800251c                NibbleToHex
 *fill*         0x0800254e        0x2 
 .text.DNS_init
                0x08002550       0x38 ./Drivers/Ethernet_W550/DNS/dns.o
                0x08002550                DNS_init
 .text.WIZCHIP_READ
                0x08002588       0x98 ./Drivers/Ethernet_W550/W5500/w5500.o
                0x08002588                WIZCHIP_READ
 .text.WIZCHIP_WRITE
                0x08002620       0x9c ./Drivers/Ethernet_W550/W5500/w5500.o
                0x08002620                WIZCHIP_WRITE
 .text.WIZCHIP_READ_BUF
                0x080026bc       0xc0 ./Drivers/Ethernet_W550/W5500/w5500.o
                0x080026bc                WIZCHIP_READ_BUF
 .text.WIZCHIP_WRITE_BUF
                0x0800277c       0xc0 ./Drivers/Ethernet_W550/W5500/w5500.o
                0x0800277c                WIZCHIP_WRITE_BUF
 .text.getSn_TX_FSR
                0x0800283c       0x92 ./Drivers/Ethernet_W550/W5500/w5500.o
                0x0800283c                getSn_TX_FSR
 .text.getSn_RX_RSR
                0x080028ce       0x92 ./Drivers/Ethernet_W550/W5500/w5500.o
                0x080028ce                getSn_RX_RSR
 .text.wiz_send_data
                0x08002960       0xb4 ./Drivers/Ethernet_W550/W5500/w5500.o
                0x08002960                wiz_send_data
 .text.wiz_recv_data
                0x08002a14       0xb4 ./Drivers/Ethernet_W550/W5500/w5500.o
                0x08002a14                wiz_recv_data
 .text.wiz_recv_ignore
                0x08002ac8       0x8c ./Drivers/Ethernet_W550/W5500/w5500.o
                0x08002ac8                wiz_recv_ignore
 .text.make_http_response_head
                0x08002b54      0x16c ./Drivers/Ethernet_W550/httpServer/httpParser.o
                0x08002b54                make_http_response_head
 .text.find_http_uri_type
                0x08002cc0      0x30c ./Drivers/Ethernet_W550/httpServer/httpParser.o
                0x08002cc0                find_http_uri_type
 .text.parse_http_request
                0x08002fcc       0xf4 ./Drivers/Ethernet_W550/httpServer/httpParser.o
                0x08002fcc                parse_http_request
 .text.get_http_uri_name
                0x080030c0       0x54 ./Drivers/Ethernet_W550/httpServer/httpParser.o
                0x080030c0                get_http_uri_name
 .text.mid      0x08003114       0x56 ./Drivers/Ethernet_W550/httpServer/httpParser.o
                0x08003114                mid
 .text.default_mcu_reset
                0x0800316a        0xe ./Drivers/Ethernet_W550/httpServer/httpServer.o
                0x0800316a                default_mcu_reset
 .text.default_wdt_reset
                0x08003178        0xe ./Drivers/Ethernet_W550/httpServer/httpServer.o
                0x08003178                default_wdt_reset
 *fill*         0x08003186        0x2 
 .text.httpServer_Sockinit
                0x08003188       0x40 ./Drivers/Ethernet_W550/httpServer/httpServer.o
                0x08003188                httpServer_Sockinit
 .text.getHTTPSocketNum
                0x080031c8       0x20 ./Drivers/Ethernet_W550/httpServer/httpServer.o
 .text.getHTTPSequenceNum
                0x080031e8       0x44 ./Drivers/Ethernet_W550/httpServer/httpServer.o
 .text.httpServer_init
                0x0800322c       0x38 ./Drivers/Ethernet_W550/httpServer/httpServer.o
                0x0800322c                httpServer_init
 .text.reg_httpServer_cbfunc
                0x08003264       0x38 ./Drivers/Ethernet_W550/httpServer/httpServer.o
                0x08003264                reg_httpServer_cbfunc
 .text.httpServer_run
                0x0800329c      0x2c4 ./Drivers/Ethernet_W550/httpServer/httpServer.o
                0x0800329c                httpServer_run
 .text.send_http_response_header
                0x08003560       0xb4 ./Drivers/Ethernet_W550/httpServer/httpServer.o
 .text.send_http_response_body
                0x08003614      0x1ec ./Drivers/Ethernet_W550/httpServer/httpServer.o
 .text.send_http_response_cgi
                0x08003800       0x4c ./Drivers/Ethernet_W550/httpServer/httpServer.o
 .text.http_disconnect
                0x0800384c       0x42 ./Drivers/Ethernet_W550/httpServer/httpServer.o
 *fill*         0x0800388e        0x2 
 .text.http_process_handler
                0x08003890      0x3d8 ./Drivers/Ethernet_W550/httpServer/httpServer.o
 .text.get_httpServer_timecount
                0x08003c68       0x18 ./Drivers/Ethernet_W550/httpServer/httpServer.o
                0x08003c68                get_httpServer_timecount
 .text.reg_httpServer_webContent
                0x08003c80       0xc4 ./Drivers/Ethernet_W550/httpServer/httpServer.o
                0x08003c80                reg_httpServer_webContent
 .text.find_userReg_webContent
                0x08003d44       0x78 ./Drivers/Ethernet_W550/httpServer/httpServer.o
                0x08003d44                find_userReg_webContent
 .text.read_userReg_webContent
                0x08003dbc       0x7c ./Drivers/Ethernet_W550/httpServer/httpServer.o
                0x08003dbc                read_userReg_webContent
 .text.http_get_cgi_handler
                0x08003e38       0x58 ./Drivers/Ethernet_W550/httpServer/httpUtil.o
                0x08003e38                http_get_cgi_handler
 .text.http_post_cgi_handler
                0x08003e90       0x7c ./Drivers/Ethernet_W550/httpServer/httpUtil.o
                0x08003e90                http_post_cgi_handler
 .text.__NVIC_SystemReset
                0x08003f0c       0x2c ./Drivers/Ethernet_W550/http_server_example.o
 .text.add_message_to_history
                0x08003f38       0xb4 ./Drivers/Ethernet_W550/http_server_example.o
                0x08003f38                add_message_to_history
 .text.httpServer_setup
                0x08003fec       0x3c ./Drivers/Ethernet_W550/http_server_example.o
                0x08003fec                httpServer_setup
 .text.udpServer_setup
                0x08004028       0x3e ./Drivers/Ethernet_W550/http_server_example.o
                0x08004028                udpServer_setup
 *fill*         0x08004066        0x2 
 .text.udpServerRun
                0x08004068       0xcc ./Drivers/Ethernet_W550/http_server_example.o
                0x08004068                udpServerRun
 .text.httpServerRun
                0x08004134       0x2c ./Drivers/Ethernet_W550/http_server_example.o
                0x08004134                httpServerRun
 .text.predefined_get_cgi_processor
                0x08004160      0x47c ./Drivers/Ethernet_W550/http_server_example.o
                0x08004160                predefined_get_cgi_processor
 .text.predefined_set_cgi_processor
                0x080045dc      0x378 ./Drivers/Ethernet_W550/http_server_example.o
                0x080045dc                predefined_set_cgi_processor
 .text.socket   0x08004954      0x268 ./Drivers/Ethernet_W550/socket.o
                0x08004954                socket
 .text.close    0x08004bbc       0xdc ./Drivers/Ethernet_W550/socket.o
                0x08004bbc                close
 .text.listen   0x08004c98       0xb2 ./Drivers/Ethernet_W550/socket.o
                0x08004c98                listen
 *fill*         0x08004d4a        0x2 
 .text.disconnect
                0x08004d4c      0x104 ./Drivers/Ethernet_W550/socket.o
                0x08004d4c                disconnect
 .text.send     0x08004e50      0x2a8 ./Drivers/Ethernet_W550/socket.o
                0x08004e50                send
 .text.recv     0x080050f8      0x164 ./Drivers/Ethernet_W550/socket.o
                0x080050f8                recv
 .text.sendto_W5x00
                0x0800525c       0x30 ./Drivers/Ethernet_W550/socket.o
                0x0800525c                sendto_W5x00
 .text.sendto_IO_6
                0x0800528c      0x328 ./Drivers/Ethernet_W550/socket.o
 .text.recvfrom_W5x00
                0x080055b4       0x3a ./Drivers/Ethernet_W550/socket.o
                0x080055b4                recvfrom_W5x00
 *fill*         0x080055ee        0x2 
 .text.recvfrom_IO_6
                0x080055f0      0x420 ./Drivers/Ethernet_W550/socket.o
 .text.wizchip_cris_enter
                0x08005a10        0xe ./Drivers/Ethernet_W550/wizchip_conf.o
                0x08005a10                wizchip_cris_enter
 .text.wizchip_cris_exit
                0x08005a1e        0xe ./Drivers/Ethernet_W550/wizchip_conf.o
                0x08005a1e                wizchip_cris_exit
 .text.wizchip_cs_select
                0x08005a2c        0xe ./Drivers/Ethernet_W550/wizchip_conf.o
                0x08005a2c                wizchip_cs_select
 .text.wizchip_cs_deselect
                0x08005a3a        0xe ./Drivers/Ethernet_W550/wizchip_conf.o
                0x08005a3a                wizchip_cs_deselect
 .text.wizchip_bus_readdata
                0x08005a48       0x1a ./Drivers/Ethernet_W550/wizchip_conf.o
                0x08005a48                wizchip_bus_readdata
 .text.wizchip_bus_writedata
                0x08005a62       0x1e ./Drivers/Ethernet_W550/wizchip_conf.o
                0x08005a62                wizchip_bus_writedata
 .text.wizchip_spi_readbyte
                0x08005a80       0x10 ./Drivers/Ethernet_W550/wizchip_conf.o
                0x08005a80                wizchip_spi_readbyte
 .text.wizchip_spi_writebyte
                0x08005a90       0x16 ./Drivers/Ethernet_W550/wizchip_conf.o
                0x08005a90                wizchip_spi_writebyte
 *fill*         0x08005aa6        0x2 
 .text.reg_wizchip_cs_cbfunc
                0x08005aa8       0x4c ./Drivers/Ethernet_W550/wizchip_conf.o
                0x08005aa8                reg_wizchip_cs_cbfunc
 .text.reg_wizchip_spi_cbfunc
                0x08005af4       0x58 ./Drivers/Ethernet_W550/wizchip_conf.o
                0x08005af4                reg_wizchip_spi_cbfunc
 .text.ctlwizchip
                0x08005b4c      0x1e0 ./Drivers/Ethernet_W550/wizchip_conf.o
                0x08005b4c                ctlwizchip
 .text.ctlnetwork
                0x08005d2c       0x7c ./Drivers/Ethernet_W550/wizchip_conf.o
                0x08005d2c                ctlnetwork
 .text.wizchip_sw_reset
                0x08005da8       0x98 ./Drivers/Ethernet_W550/wizchip_conf.o
                0x08005da8                wizchip_sw_reset
 .text.wizchip_init
                0x08005e40      0x118 ./Drivers/Ethernet_W550/wizchip_conf.o
                0x08005e40                wizchip_init
 .text.wizchip_clrinterrupt
                0x08005f58       0x68 ./Drivers/Ethernet_W550/wizchip_conf.o
                0x08005f58                wizchip_clrinterrupt
 .text.wizchip_getinterrupt
                0x08005fc0       0x48 ./Drivers/Ethernet_W550/wizchip_conf.o
                0x08005fc0                wizchip_getinterrupt
 .text.wizchip_setinterruptmask
                0x08006008       0x36 ./Drivers/Ethernet_W550/wizchip_conf.o
                0x08006008                wizchip_setinterruptmask
 .text.wizchip_getinterruptmask
                0x0800603e       0x44 ./Drivers/Ethernet_W550/wizchip_conf.o
                0x0800603e                wizchip_getinterruptmask
 .text.wizphy_getphylink
                0x08006082       0x2c ./Drivers/Ethernet_W550/wizchip_conf.o
                0x08006082                wizphy_getphylink
 .text.wizphy_getphypmode
                0x080060ae       0x32 ./Drivers/Ethernet_W550/wizchip_conf.o
                0x080060ae                wizphy_getphypmode
 .text.wizphy_reset
                0x080060e0       0x4e ./Drivers/Ethernet_W550/wizchip_conf.o
                0x080060e0                wizphy_reset
 .text.wizphy_setphyconf
                0x0800612e       0x84 ./Drivers/Ethernet_W550/wizchip_conf.o
                0x0800612e                wizphy_setphyconf
 *fill*         0x080061b2        0x2 
 .text.wizphy_getphyconf
                0x080061b4       0xd4 ./Drivers/Ethernet_W550/wizchip_conf.o
                0x080061b4                wizphy_getphyconf
 .text.wizphy_getphystat
                0x08006288       0x3c ./Drivers/Ethernet_W550/wizchip_conf.o
                0x08006288                wizphy_getphystat
 .text.wizphy_setphypmode
                0x080062c4       0x94 ./Drivers/Ethernet_W550/wizchip_conf.o
                0x080062c4                wizphy_setphypmode
 .text.wizchip_setnetinfo
                0x08006358       0x80 ./Drivers/Ethernet_W550/wizchip_conf.o
                0x08006358                wizchip_setnetinfo
 .text.wizchip_getnetinfo
                0x080063d8       0x80 ./Drivers/Ethernet_W550/wizchip_conf.o
                0x080063d8                wizchip_getnetinfo
 .text.wizchip_setnetmode
                0x08006458       0x44 ./Drivers/Ethernet_W550/wizchip_conf.o
                0x08006458                wizchip_setnetmode
 .text.wizchip_getnetmode
                0x0800649c       0x10 ./Drivers/Ethernet_W550/wizchip_conf.o
                0x0800649c                wizchip_getnetmode
 .text.wizchip_settimeout
                0x080064ac       0x42 ./Drivers/Ethernet_W550/wizchip_conf.o
                0x080064ac                wizchip_settimeout
 .text.wizchip_gettimeout
                0x080064ee       0x40 ./Drivers/Ethernet_W550/wizchip_conf.o
                0x080064ee                wizchip_gettimeout
 *fill*         0x0800652e        0x2 
 .text._write   0x08006530       0x38 ./Drivers/Ethernet_W550/wizchip_port.o
                0x08006530                _write
 .text.W5500_Select
                0x08006568       0x18 ./Drivers/Ethernet_W550/wizchip_port.o
                0x08006568                W5500_Select
 .text.W5500_Unselect
                0x08006580       0x18 ./Drivers/Ethernet_W550/wizchip_port.o
                0x08006580                W5500_Unselect
 .text.W5500_ReadByte
                0x08006598       0x2c ./Drivers/Ethernet_W550/wizchip_port.o
                0x08006598                W5500_ReadByte
 .text.W5500_WriteByte
                0x080065c4       0x24 ./Drivers/Ethernet_W550/wizchip_port.o
                0x080065c4                W5500_WriteByte
 .text.Callback_IPAssigned
                0x080065e8       0x18 ./Drivers/Ethernet_W550/wizchip_port.o
                0x080065e8                Callback_IPAssigned
 .text.Callback_IPConflict
                0x08006600       0x18 ./Drivers/Ethernet_W550/wizchip_port.o
                0x08006600                Callback_IPConflict
 .text.W5500_Init
                0x08006618      0x2a4 ./Drivers/Ethernet_W550/wizchip_port.o
                0x08006618                W5500_Init
 .text.HAL_Init
                0x080068bc       0x44 ./Drivers/STM32F4xx_HAL_Driver/Src/stm32f4xx_hal.o
                0x080068bc                HAL_Init
 .text.HAL_IncTick
                0x08006900       0x28 ./Drivers/STM32F4xx_HAL_Driver/Src/stm32f4xx_hal.o
                0x08006900                HAL_IncTick
 .text.HAL_GetTick
                0x08006928       0x18 ./Drivers/STM32F4xx_HAL_Driver/Src/stm32f4xx_hal.o
                0x08006928                HAL_GetTick
 .text.HAL_Delay
                0x08006940       0x48 ./Drivers/STM32F4xx_HAL_Driver/Src/stm32f4xx_hal.o
                0x08006940                HAL_Delay
 .text.__NVIC_SetPriorityGrouping
                0x08006988       0x48 ./Drivers/STM32F4xx_HAL_Driver/Src/stm32f4xx_hal_cortex.o
 .text.__NVIC_GetPriorityGrouping
                0x080069d0       0x1c ./Drivers/STM32F4xx_HAL_Driver/Src/stm32f4xx_hal_cortex.o
 .text.__NVIC_EnableIRQ
                0x080069ec       0x3c ./Drivers/STM32F4xx_HAL_Driver/Src/stm32f4xx_hal_cortex.o
 .text.__NVIC_SetPriority
                0x08006a28       0x54 ./Drivers/STM32F4xx_HAL_Driver/Src/stm32f4xx_hal_cortex.o
 .text.NVIC_EncodePriority
                0x08006a7c       0x66 ./Drivers/STM32F4xx_HAL_Driver/Src/stm32f4xx_hal_cortex.o
 .text.HAL_NVIC_SetPriorityGrouping
                0x08006ae2       0x16 ./Drivers/STM32F4xx_HAL_Driver/Src/stm32f4xx_hal_cortex.o
                0x08006ae2                HAL_NVIC_SetPriorityGrouping
 .text.HAL_NVIC_SetPriority
                0x08006af8       0x38 ./Drivers/STM32F4xx_HAL_Driver/Src/stm32f4xx_hal_cortex.o
                0x08006af8                HAL_NVIC_SetPriority
 .text.HAL_NVIC_EnableIRQ
                0x08006b30       0x1c ./Drivers/STM32F4xx_HAL_Driver/Src/stm32f4xx_hal_cortex.o
                0x08006b30                HAL_NVIC_EnableIRQ
 .text.HAL_GPIO_Init
                0x08006b4c      0x308 ./Drivers/STM32F4xx_HAL_Driver/Src/stm32f4xx_hal_gpio.o
                0x08006b4c                HAL_GPIO_Init
 .text.HAL_GPIO_WritePin
                0x08006e54       0x32 ./Drivers/STM32F4xx_HAL_Driver/Src/stm32f4xx_hal_gpio.o
                0x08006e54                HAL_GPIO_WritePin
 *fill*         0x08006e86        0x2 
 .text.HAL_RCC_OscConfig
                0x08006e88      0x4f0 ./Drivers/STM32F4xx_HAL_Driver/Src/stm32f4xx_hal_rcc.o
                0x08006e88                HAL_RCC_OscConfig
 .text.HAL_RCC_ClockConfig
                0x08007378      0x1cc ./Drivers/STM32F4xx_HAL_Driver/Src/stm32f4xx_hal_rcc.o
                0x08007378                HAL_RCC_ClockConfig
 .text.HAL_RCC_GetSysClockFreq
                0x08007544      0x18c ./Drivers/STM32F4xx_HAL_Driver/Src/stm32f4xx_hal_rcc.o
                0x08007544                HAL_RCC_GetSysClockFreq
 .text.HAL_RCC_GetHCLKFreq
                0x080076d0       0x18 ./Drivers/STM32F4xx_HAL_Driver/Src/stm32f4xx_hal_rcc.o
                0x080076d0                HAL_RCC_GetHCLKFreq
 .text.HAL_RCC_GetPCLK1Freq
                0x080076e8       0x28 ./Drivers/STM32F4xx_HAL_Driver/Src/stm32f4xx_hal_rcc.o
                0x080076e8                HAL_RCC_GetPCLK1Freq
 .text.HAL_RCC_GetPCLK2Freq
                0x08007710       0x28 ./Drivers/STM32F4xx_HAL_Driver/Src/stm32f4xx_hal_rcc.o
                0x08007710                HAL_RCC_GetPCLK2Freq
 .text.HAL_RCC_GetClockConfig
                0x08007738       0x64 ./Drivers/STM32F4xx_HAL_Driver/Src/stm32f4xx_hal_rcc.o
                0x08007738                HAL_RCC_GetClockConfig
 .text.HAL_SPI_Init
                0x0800779c      0x112 ./Drivers/STM32F4xx_HAL_Driver/Src/stm32f4xx_hal_spi.o
                0x0800779c                HAL_SPI_Init
 .text.HAL_SPI_Transmit
                0x080078ae      0x288 ./Drivers/STM32F4xx_HAL_Driver/Src/stm32f4xx_hal_spi.o
                0x080078ae                HAL_SPI_Transmit
 .text.HAL_SPI_TransmitReceive
                0x08007b36      0x352 ./Drivers/STM32F4xx_HAL_Driver/Src/stm32f4xx_hal_spi.o
                0x08007b36                HAL_SPI_TransmitReceive
 .text.SPI_WaitFlagStateUntilTimeout
                0x08007e88      0x110 ./Drivers/STM32F4xx_HAL_Driver/Src/stm32f4xx_hal_spi.o
 .text.SPI_EndRxTxTransaction
                0x08007f98       0xa8 ./Drivers/STM32F4xx_HAL_Driver/Src/stm32f4xx_hal_spi.o
 .text.HAL_TIM_Base_Init
                0x08008040       0x9e ./Drivers/STM32F4xx_HAL_Driver/Src/stm32f4xx_hal_tim.o
                0x08008040                HAL_TIM_Base_Init
 .text.HAL_TIM_Base_MspInit
                0x080080de       0x14 ./Drivers/STM32F4xx_HAL_Driver/Src/stm32f4xx_hal_tim.o
                0x080080de                HAL_TIM_Base_MspInit
 *fill*         0x080080f2        0x2 
 .text.HAL_TIM_Base_Start_IT
                0x080080f4       0xc4 ./Drivers/STM32F4xx_HAL_Driver/Src/stm32f4xx_hal_tim.o
                0x080080f4                HAL_TIM_Base_Start_IT
 .text.HAL_TIM_IRQHandler
                0x080081b8      0x1e0 ./Drivers/STM32F4xx_HAL_Driver/Src/stm32f4xx_hal_tim.o
                0x080081b8                HAL_TIM_IRQHandler
 .text.HAL_TIM_OC_DelayElapsedCallback
                0x08008398       0x14 ./Drivers/STM32F4xx_HAL_Driver/Src/stm32f4xx_hal_tim.o
                0x08008398                HAL_TIM_OC_DelayElapsedCallback
 .text.HAL_TIM_IC_CaptureCallback
                0x080083ac       0x14 ./Drivers/STM32F4xx_HAL_Driver/Src/stm32f4xx_hal_tim.o
                0x080083ac                HAL_TIM_IC_CaptureCallback
 .text.HAL_TIM_PWM_PulseFinishedCallback
                0x080083c0       0x14 ./Drivers/STM32F4xx_HAL_Driver/Src/stm32f4xx_hal_tim.o
                0x080083c0                HAL_TIM_PWM_PulseFinishedCallback
 .text.HAL_TIM_TriggerCallback
                0x080083d4       0x14 ./Drivers/STM32F4xx_HAL_Driver/Src/stm32f4xx_hal_tim.o
                0x080083d4                HAL_TIM_TriggerCallback
 .text.TIM_Base_SetConfig
                0x080083e8      0x10c ./Drivers/STM32F4xx_HAL_Driver/Src/stm32f4xx_hal_tim.o
                0x080083e8                TIM_Base_SetConfig
 .text.HAL_TIMEx_CommutCallback
                0x080084f4       0x14 ./Drivers/STM32F4xx_HAL_Driver/Src/stm32f4xx_hal_tim_ex.o
                0x080084f4                HAL_TIMEx_CommutCallback
 .text.HAL_TIMEx_BreakCallback
                0x08008508       0x14 ./Drivers/STM32F4xx_HAL_Driver/Src/stm32f4xx_hal_tim_ex.o
                0x08008508                HAL_TIMEx_BreakCallback
 .text.HAL_UART_Init
                0x0800851c       0xa0 ./Drivers/STM32F4xx_HAL_Driver/Src/stm32f4xx_hal_uart.o
                0x0800851c                HAL_UART_Init
 .text.HAL_UART_Transmit
                0x080085bc      0x116 ./Drivers/STM32F4xx_HAL_Driver/Src/stm32f4xx_hal_uart.o
                0x080085bc                HAL_UART_Transmit
 .text.UART_WaitOnFlagUntilTimeout
                0x080086d2       0xb2 ./Drivers/STM32F4xx_HAL_Driver/Src/stm32f4xx_hal_uart.o
 .text.UART_EndRxTransfer
                0x08008784       0xc6 ./Drivers/STM32F4xx_HAL_Driver/Src/stm32f4xx_hal_uart.o
 *fill*         0x0800884a        0x2 
 .text.UART_SetConfig
                0x0800884c      0x4e8 ./Drivers/STM32F4xx_HAL_Driver/Src/stm32f4xx_hal_uart.o
 .text.malloc   0x08008d34       0x10 C:/ST/STM32CubeIDE_1.19.0/STM32CubeIDE/plugins/com.st.stm32cube.ide.mcu.externaltools.gnu-tools-for-stm32.13.3.rel1.win32_1.0.0.202411081344/tools/bin/../lib/gcc/arm-none-eabi/13.3.1/../../../../arm-none-eabi/lib/thumb/v7e-m+fp/hard\libc_nano.a(libc_a-malloc.o)
                0x08008d34                malloc
 .text.sbrk_aligned
                0x08008d44       0x44 C:/ST/STM32CubeIDE_1.19.0/STM32CubeIDE/plugins/com.st.stm32cube.ide.mcu.externaltools.gnu-tools-for-stm32.13.3.rel1.win32_1.0.0.202411081344/tools/bin/../lib/gcc/arm-none-eabi/13.3.1/../../../../arm-none-eabi/lib/thumb/v7e-m+fp/hard\libc_nano.a(libc_a-mallocr.o)
 .text._malloc_r
                0x08008d88      0x100 C:/ST/STM32CubeIDE_1.19.0/STM32CubeIDE/plugins/com.st.stm32cube.ide.mcu.externaltools.gnu-tools-for-stm32.13.3.rel1.win32_1.0.0.202411081344/tools/bin/../lib/gcc/arm-none-eabi/13.3.1/../../../../arm-none-eabi/lib/thumb/v7e-m+fp/hard\libc_nano.a(libc_a-mallocr.o)
                0x08008d88                _malloc_r
 .text.__malloc_lock
                0x08008e88        0xc C:/ST/STM32CubeIDE_1.19.0/STM32CubeIDE/plugins/com.st.stm32cube.ide.mcu.externaltools.gnu-tools-for-stm32.13.3.rel1.win32_1.0.0.202411081344/tools/bin/../lib/gcc/arm-none-eabi/13.3.1/../../../../arm-none-eabi/lib/thumb/v7e-m+fp/hard\libc_nano.a(libc_a-mlock.o)
                0x08008e88                __malloc_lock
 .text.__malloc_unlock
                0x08008e94        0xc C:/ST/STM32CubeIDE_1.19.0/STM32CubeIDE/plugins/com.st.stm32cube.ide.mcu.externaltools.gnu-tools-for-stm32.13.3.rel1.win32_1.0.0.202411081344/tools/bin/../lib/gcc/arm-none-eabi/13.3.1/../../../../arm-none-eabi/lib/thumb/v7e-m+fp/hard\libc_nano.a(libc_a-mlock.o)
                0x08008e94                __malloc_unlock
 .text._strtol_l.isra.0
                0x08008ea0       0xf4 C:/ST/STM32CubeIDE_1.19.0/STM32CubeIDE/plugins/com.st.stm32cube.ide.mcu.externaltools.gnu-tools-for-stm32.13.3.rel1.win32_1.0.0.202411081344/tools/bin/../lib/gcc/arm-none-eabi/13.3.1/../../../../arm-none-eabi/lib/thumb/v7e-m+fp/hard\libc_nano.a(libc_a-strtol.o)
 .text.strtol   0x08008f94       0x14 C:/ST/STM32CubeIDE_1.19.0/STM32CubeIDE/plugins/com.st.stm32cube.ide.mcu.externaltools.gnu-tools-for-stm32.13.3.rel1.win32_1.0.0.202411081344/tools/bin/../lib/gcc/arm-none-eabi/13.3.1/../../../../arm-none-eabi/lib/thumb/v7e-m+fp/hard\libc_nano.a(libc_a-strtol.o)
                0x08008f94                strtol
 .text.std      0x08008fa8       0x6c C:/ST/STM32CubeIDE_1.19.0/STM32CubeIDE/plugins/com.st.stm32cube.ide.mcu.externaltools.gnu-tools-for-stm32.13.3.rel1.win32_1.0.0.202411081344/tools/bin/../lib/gcc/arm-none-eabi/13.3.1/../../../../arm-none-eabi/lib/thumb/v7e-m+fp/hard\libc_nano.a(libc_a-findfp.o)
 .text.stdio_exit_handler
                0x08009014       0x18 C:/ST/STM32CubeIDE_1.19.0/STM32CubeIDE/plugins/com.st.stm32cube.ide.mcu.externaltools.gnu-tools-for-stm32.13.3.rel1.win32_1.0.0.202411081344/tools/bin/../lib/gcc/arm-none-eabi/13.3.1/../../../../arm-none-eabi/lib/thumb/v7e-m+fp/hard\libc_nano.a(libc_a-findfp.o)
 .text.cleanup_stdio
                0x0800902c       0x40 C:/ST/STM32CubeIDE_1.19.0/STM32CubeIDE/plugins/com.st.stm32cube.ide.mcu.externaltools.gnu-tools-for-stm32.13.3.rel1.win32_1.0.0.202411081344/tools/bin/../lib/gcc/arm-none-eabi/13.3.1/../../../../arm-none-eabi/lib/thumb/v7e-m+fp/hard\libc_nano.a(libc_a-findfp.o)
 .text.global_stdio_init.part.0
                0x0800906c       0x3c C:/ST/STM32CubeIDE_1.19.0/STM32CubeIDE/plugins/com.st.stm32cube.ide.mcu.externaltools.gnu-tools-for-stm32.13.3.rel1.win32_1.0.0.202411081344/tools/bin/../lib/gcc/arm-none-eabi/13.3.1/../../../../arm-none-eabi/lib/thumb/v7e-m+fp/hard\libc_nano.a(libc_a-findfp.o)
 .text.__sfp_lock_acquire
                0x080090a8        0xc C:/ST/STM32CubeIDE_1.19.0/STM32CubeIDE/plugins/com.st.stm32cube.ide.mcu.externaltools.gnu-tools-for-stm32.13.3.rel1.win32_1.0.0.202411081344/tools/bin/../lib/gcc/arm-none-eabi/13.3.1/../../../../arm-none-eabi/lib/thumb/v7e-m+fp/hard\libc_nano.a(libc_a-findfp.o)
                0x080090a8                __sfp_lock_acquire
 .text.__sfp_lock_release
                0x080090b4        0xc C:/ST/STM32CubeIDE_1.19.0/STM32CubeIDE/plugins/com.st.stm32cube.ide.mcu.externaltools.gnu-tools-for-stm32.13.3.rel1.win32_1.0.0.202411081344/tools/bin/../lib/gcc/arm-none-eabi/13.3.1/../../../../arm-none-eabi/lib/thumb/v7e-m+fp/hard\libc_nano.a(libc_a-findfp.o)
                0x080090b4                __sfp_lock_release
 .text.__sinit  0x080090c0       0x30 C:/ST/STM32CubeIDE_1.19.0/STM32CubeIDE/plugins/com.st.stm32cube.ide.mcu.externaltools.gnu-tools-for-stm32.13.3.rel1.win32_1.0.0.202411081344/tools/bin/../lib/gcc/arm-none-eabi/13.3.1/../../../../arm-none-eabi/lib/thumb/v7e-m+fp/hard\libc_nano.a(libc_a-findfp.o)
                0x080090c0                __sinit
 .text._fwalk_sglue
                0x080090f0       0x3c C:/ST/STM32CubeIDE_1.19.0/STM32CubeIDE/plugins/com.st.stm32cube.ide.mcu.externaltools.gnu-tools-for-stm32.13.3.rel1.win32_1.0.0.202411081344/tools/bin/../lib/gcc/arm-none-eabi/13.3.1/../../../../arm-none-eabi/lib/thumb/v7e-m+fp/hard\libc_nano.a(libc_a-fwalk.o)
                0x080090f0                _fwalk_sglue
 .text.printf   0x0800912c       0x24 C:/ST/STM32CubeIDE_1.19.0/STM32CubeIDE/plugins/com.st.stm32cube.ide.mcu.externaltools.gnu-tools-for-stm32.13.3.rel1.win32_1.0.0.202411081344/tools/bin/../lib/gcc/arm-none-eabi/13.3.1/../../../../arm-none-eabi/lib/thumb/v7e-m+fp/hard\libc_nano.a(libc_a-printf.o)
                0x0800912c                iprintf
                0x0800912c                printf
 .text._puts_r  0x08009150       0xaa C:/ST/STM32CubeIDE_1.19.0/STM32CubeIDE/plugins/com.st.stm32cube.ide.mcu.externaltools.gnu-tools-for-stm32.13.3.rel1.win32_1.0.0.202411081344/tools/bin/../lib/gcc/arm-none-eabi/13.3.1/../../../../arm-none-eabi/lib/thumb/v7e-m+fp/hard\libc_nano.a(libc_a-puts.o)
                0x08009150                _puts_r
 *fill*         0x080091fa        0x2 
 .text.puts     0x080091fc       0x10 C:/ST/STM32CubeIDE_1.19.0/STM32CubeIDE/plugins/com.st.stm32cube.ide.mcu.externaltools.gnu-tools-for-stm32.13.3.rel1.win32_1.0.0.202411081344/tools/bin/../lib/gcc/arm-none-eabi/13.3.1/../../../../arm-none-eabi/lib/thumb/v7e-m+fp/hard\libc_nano.a(libc_a-puts.o)
                0x080091fc                puts
 .text.sprintf  0x0800920c       0x44 C:/ST/STM32CubeIDE_1.19.0/STM32CubeIDE/plugins/com.st.stm32cube.ide.mcu.externaltools.gnu-tools-for-stm32.13.3.rel1.win32_1.0.0.202411081344/tools/bin/../lib/gcc/arm-none-eabi/13.3.1/../../../../arm-none-eabi/lib/thumb/v7e-m+fp/hard\libc_nano.a(libc_a-sprintf.o)
                0x0800920c                siprintf
                0x0800920c                sprintf
 .text.__sread  0x08009250       0x22 C:/ST/STM32CubeIDE_1.19.0/STM32CubeIDE/plugins/com.st.stm32cube.ide.mcu.externaltools.gnu-tools-for-stm32.13.3.rel1.win32_1.0.0.202411081344/tools/bin/../lib/gcc/arm-none-eabi/13.3.1/../../../../arm-none-eabi/lib/thumb/v7e-m+fp/hard\libc_nano.a(libc_a-stdio.o)
                0x08009250                __sread
 .text.__swrite
                0x08009272       0x38 C:/ST/STM32CubeIDE_1.19.0/STM32CubeIDE/plugins/com.st.stm32cube.ide.mcu.externaltools.gnu-tools-for-stm32.13.3.rel1.win32_1.0.0.202411081344/tools/bin/../lib/gcc/arm-none-eabi/13.3.1/../../../../arm-none-eabi/lib/thumb/v7e-m+fp/hard\libc_nano.a(libc_a-stdio.o)
                0x08009272                __swrite
 .text.__sseek  0x080092aa       0x24 C:/ST/STM32CubeIDE_1.19.0/STM32CubeIDE/plugins/com.st.stm32cube.ide.mcu.externaltools.gnu-tools-for-stm32.13.3.rel1.win32_1.0.0.202411081344/tools/bin/../lib/gcc/arm-none-eabi/13.3.1/../../../../arm-none-eabi/lib/thumb/v7e-m+fp/hard\libc_nano.a(libc_a-stdio.o)
                0x080092aa                __sseek
 .text.__sclose
                0x080092ce        0x8 C:/ST/STM32CubeIDE_1.19.0/STM32CubeIDE/plugins/com.st.stm32cube.ide.mcu.externaltools.gnu-tools-for-stm32.13.3.rel1.win32_1.0.0.202411081344/tools/bin/../lib/gcc/arm-none-eabi/13.3.1/../../../../arm-none-eabi/lib/thumb/v7e-m+fp/hard\libc_nano.a(libc_a-stdio.o)
                0x080092ce                __sclose
 .text.__swbuf_r
                0x080092d6       0x7c C:/ST/STM32CubeIDE_1.19.0/STM32CubeIDE/plugins/com.st.stm32cube.ide.mcu.externaltools.gnu-tools-for-stm32.13.3.rel1.win32_1.0.0.202411081344/tools/bin/../lib/gcc/arm-none-eabi/13.3.1/../../../../arm-none-eabi/lib/thumb/v7e-m+fp/hard\libc_nano.a(libc_a-wbuf.o)
                0x080092d6                __swbuf_r
 *fill*         0x08009352        0x2 
 .text.__swsetup_r
                0x08009354       0xac C:/ST/STM32CubeIDE_1.19.0/STM32CubeIDE/plugins/com.st.stm32cube.ide.mcu.externaltools.gnu-tools-for-stm32.13.3.rel1.win32_1.0.0.202411081344/tools/bin/../lib/gcc/arm-none-eabi/13.3.1/../../../../arm-none-eabi/lib/thumb/v7e-m+fp/hard\libc_nano.a(libc_a-wsetup.o)
                0x08009354                __swsetup_r
 .text.memset   0x08009400       0x10 C:/ST/STM32CubeIDE_1.19.0/STM32CubeIDE/plugins/com.st.stm32cube.ide.mcu.externaltools.gnu-tools-for-stm32.13.3.rel1.win32_1.0.0.202411081344/tools/bin/../lib/gcc/arm-none-eabi/13.3.1/../../../../arm-none-eabi/lib/thumb/v7e-m+fp/hard\libc_nano.a(libc_a-memset.o)
                0x08009400                memset
 .text.strcat   0x08009410       0x1e C:/ST/STM32CubeIDE_1.19.0/STM32CubeIDE/plugins/com.st.stm32cube.ide.mcu.externaltools.gnu-tools-for-stm32.13.3.rel1.win32_1.0.0.202411081344/tools/bin/../lib/gcc/arm-none-eabi/13.3.1/../../../../arm-none-eabi/lib/thumb/v7e-m+fp/hard\libc_nano.a(libc_a-strcat.o)
                0x08009410                strcat
 .text.strncpy  0x0800942e       0x26 C:/ST/STM32CubeIDE_1.19.0/STM32CubeIDE/plugins/com.st.stm32cube.ide.mcu.externaltools.gnu-tools-for-stm32.13.3.rel1.win32_1.0.0.202411081344/tools/bin/../lib/gcc/arm-none-eabi/13.3.1/../../../../arm-none-eabi/lib/thumb/v7e-m+fp/hard\libc_nano.a(libc_a-strncpy.o)
                0x0800942e                strncpy
 .text.strtok   0x08009454       0x68 C:/ST/STM32CubeIDE_1.19.0/STM32CubeIDE/plugins/com.st.stm32cube.ide.mcu.externaltools.gnu-tools-for-stm32.13.3.rel1.win32_1.0.0.202411081344/tools/bin/../lib/gcc/arm-none-eabi/13.3.1/../../../../arm-none-eabi/lib/thumb/v7e-m+fp/hard\libc_nano.a(libc_a-strtok.o)
                0x08009454                strtok
 .text.__strtok_r
                0x080094bc       0x50 C:/ST/STM32CubeIDE_1.19.0/STM32CubeIDE/plugins/com.st.stm32cube.ide.mcu.externaltools.gnu-tools-for-stm32.13.3.rel1.win32_1.0.0.202411081344/tools/bin/../lib/gcc/arm-none-eabi/13.3.1/../../../../arm-none-eabi/lib/thumb/v7e-m+fp/hard\libc_nano.a(libc_a-strtok_r.o)
                0x080094bc                __strtok_r
 .text.strstr   0x0800950c       0x2c C:/ST/STM32CubeIDE_1.19.0/STM32CubeIDE/plugins/com.st.stm32cube.ide.mcu.externaltools.gnu-tools-for-stm32.13.3.rel1.win32_1.0.0.202411081344/tools/bin/../lib/gcc/arm-none-eabi/13.3.1/../../../../arm-none-eabi/lib/thumb/v7e-m+fp/hard\libc_nano.a(libc_a-strstr.o)
                0x0800950c                strstr
 .text._close_r
                0x08009538       0x20 C:/ST/STM32CubeIDE_1.19.0/STM32CubeIDE/plugins/com.st.stm32cube.ide.mcu.externaltools.gnu-tools-for-stm32.13.3.rel1.win32_1.0.0.202411081344/tools/bin/../lib/gcc/arm-none-eabi/13.3.1/../../../../arm-none-eabi/lib/thumb/v7e-m+fp/hard\libc_nano.a(libc_a-closer.o)
                0x08009538                _close_r
 .text._lseek_r
                0x08009558       0x24 C:/ST/STM32CubeIDE_1.19.0/STM32CubeIDE/plugins/com.st.stm32cube.ide.mcu.externaltools.gnu-tools-for-stm32.13.3.rel1.win32_1.0.0.202411081344/tools/bin/../lib/gcc/arm-none-eabi/13.3.1/../../../../arm-none-eabi/lib/thumb/v7e-m+fp/hard\libc_nano.a(libc_a-lseekr.o)
                0x08009558                _lseek_r
 .text._read_r  0x0800957c       0x24 C:/ST/STM32CubeIDE_1.19.0/STM32CubeIDE/plugins/com.st.stm32cube.ide.mcu.externaltools.gnu-tools-for-stm32.13.3.rel1.win32_1.0.0.202411081344/tools/bin/../lib/gcc/arm-none-eabi/13.3.1/../../../../arm-none-eabi/lib/thumb/v7e-m+fp/hard\libc_nano.a(libc_a-readr.o)
                0x0800957c                _read_r
 .text._sbrk_r  0x080095a0       0x20 C:/ST/STM32CubeIDE_1.19.0/STM32CubeIDE/plugins/com.st.stm32cube.ide.mcu.externaltools.gnu-tools-for-stm32.13.3.rel1.win32_1.0.0.202411081344/tools/bin/../lib/gcc/arm-none-eabi/13.3.1/../../../../arm-none-eabi/lib/thumb/v7e-m+fp/hard\libc_nano.a(libc_a-sbrkr.o)
                0x080095a0                _sbrk_r
 .text._write_r
                0x080095c0       0x24 C:/ST/STM32CubeIDE_1.19.0/STM32CubeIDE/plugins/com.st.stm32cube.ide.mcu.externaltools.gnu-tools-for-stm32.13.3.rel1.win32_1.0.0.202411081344/tools/bin/../lib/gcc/arm-none-eabi/13.3.1/../../../../arm-none-eabi/lib/thumb/v7e-m+fp/hard\libc_nano.a(libc_a-writer.o)
                0x080095c0                _write_r
 .text.__errno  0x080095e4        0xc C:/ST/STM32CubeIDE_1.19.0/STM32CubeIDE/plugins/com.st.stm32cube.ide.mcu.externaltools.gnu-tools-for-stm32.13.3.rel1.win32_1.0.0.202411081344/tools/bin/../lib/gcc/arm-none-eabi/13.3.1/../../../../arm-none-eabi/lib/thumb/v7e-m+fp/hard\libc_nano.a(libc_a-errno.o)
                0x080095e4                __errno
 .text.__libc_init_array
                0x080095f0       0x48 C:/ST/STM32CubeIDE_1.19.0/STM32CubeIDE/plugins/com.st.stm32cube.ide.mcu.externaltools.gnu-tools-for-stm32.13.3.rel1.win32_1.0.0.202411081344/tools/bin/../lib/gcc/arm-none-eabi/13.3.1/../../../../arm-none-eabi/lib/thumb/v7e-m+fp/hard\libc_nano.a(libc_a-init.o)
                0x080095f0                __libc_init_array
 .text.__retarget_lock_init_recursive
                0x08009638        0x2 C:/ST/STM32CubeIDE_1.19.0/STM32CubeIDE/plugins/com.st.stm32cube.ide.mcu.externaltools.gnu-tools-for-stm32.13.3.rel1.win32_1.0.0.202411081344/tools/bin/../lib/gcc/arm-none-eabi/13.3.1/../../../../arm-none-eabi/lib/thumb/v7e-m+fp/hard\libc_nano.a(libc_a-lock.o)
                0x08009638                __retarget_lock_init_recursive
 .text.__retarget_lock_acquire_recursive
                0x0800963a        0x2 C:/ST/STM32CubeIDE_1.19.0/STM32CubeIDE/plugins/com.st.stm32cube.ide.mcu.externaltools.gnu-tools-for-stm32.13.3.rel1.win32_1.0.0.202411081344/tools/bin/../lib/gcc/arm-none-eabi/13.3.1/../../../../arm-none-eabi/lib/thumb/v7e-m+fp/hard\libc_nano.a(libc_a-lock.o)
                0x0800963a                __retarget_lock_acquire_recursive
 .text.__retarget_lock_release_recursive
                0x0800963c        0x2 C:/ST/STM32CubeIDE_1.19.0/STM32CubeIDE/plugins/com.st.stm32cube.ide.mcu.externaltools.gnu-tools-for-stm32.13.3.rel1.win32_1.0.0.202411081344/tools/bin/../lib/gcc/arm-none-eabi/13.3.1/../../../../arm-none-eabi/lib/thumb/v7e-m+fp/hard\libc_nano.a(libc_a-lock.o)
                0x0800963c                __retarget_lock_release_recursive
 .text.strcpy   0x0800963e       0x10 C:/ST/STM32CubeIDE_1.19.0/STM32CubeIDE/plugins/com.st.stm32cube.ide.mcu.externaltools.gnu-tools-for-stm32.13.3.rel1.win32_1.0.0.202411081344/tools/bin/../lib/gcc/arm-none-eabi/13.3.1/../../../../arm-none-eabi/lib/thumb/v7e-m+fp/hard\libc_nano.a(libc_a-strcpy.o)
                0x0800963e                strcpy
 .text.memcpy   0x0800964e       0x1c C:/ST/STM32CubeIDE_1.19.0/STM32CubeIDE/plugins/com.st.stm32cube.ide.mcu.externaltools.gnu-tools-for-stm32.13.3.rel1.win32_1.0.0.202411081344/tools/bin/../lib/gcc/arm-none-eabi/13.3.1/../../../../arm-none-eabi/lib/thumb/v7e-m+fp/hard\libc_nano.a(libc_a-memcpy-stub.o)
                0x0800964e                memcpy
 *fill*         0x0800966a        0x2 
 .text.__assert_func
                0x0800966c       0x3c C:/ST/STM32CubeIDE_1.19.0/STM32CubeIDE/plugins/com.st.stm32cube.ide.mcu.externaltools.gnu-tools-for-stm32.13.3.rel1.win32_1.0.0.202411081344/tools/bin/../lib/gcc/arm-none-eabi/13.3.1/../../../../arm-none-eabi/lib/thumb/v7e-m+fp/hard\libc_nano.a(libc_a-assert.o)
                0x0800966c                __assert_func
 .text._free_r  0x080096a8       0x94 C:/ST/STM32CubeIDE_1.19.0/STM32CubeIDE/plugins/com.st.stm32cube.ide.mcu.externaltools.gnu-tools-for-stm32.13.3.rel1.win32_1.0.0.202411081344/tools/bin/../lib/gcc/arm-none-eabi/13.3.1/../../../../arm-none-eabi/lib/thumb/v7e-m+fp/hard\libc_nano.a(libc_a-freer.o)
                0x080096a8                _free_r
 .text.__ssputs_r
                0x0800973c       0xb6 C:/ST/STM32CubeIDE_1.19.0/STM32CubeIDE/plugins/com.st.stm32cube.ide.mcu.externaltools.gnu-tools-for-stm32.13.3.rel1.win32_1.0.0.202411081344/tools/bin/../lib/gcc/arm-none-eabi/13.3.1/../../../../arm-none-eabi/lib/thumb/v7e-m+fp/hard\libc_nano.a(libc_a-nano-svfprintf.o)
                0x0800973c                __ssputs_r
 *fill*         0x080097f2        0x2 
 .text._svfprintf_r
                0x080097f4      0x1f8 C:/ST/STM32CubeIDE_1.19.0/STM32CubeIDE/plugins/com.st.stm32cube.ide.mcu.externaltools.gnu-tools-for-stm32.13.3.rel1.win32_1.0.0.202411081344/tools/bin/../lib/gcc/arm-none-eabi/13.3.1/../../../../arm-none-eabi/lib/thumb/v7e-m+fp/hard\libc_nano.a(libc_a-nano-svfprintf.o)
                0x080097f4                _svfiprintf_r
                0x080097f4                _svfprintf_r
 .text.__sfputc_r
                0x080099ec       0x2e C:/ST/STM32CubeIDE_1.19.0/STM32CubeIDE/plugins/com.st.stm32cube.ide.mcu.externaltools.gnu-tools-for-stm32.13.3.rel1.win32_1.0.0.202411081344/tools/bin/../lib/gcc/arm-none-eabi/13.3.1/../../../../arm-none-eabi/lib/thumb/v7e-m+fp/hard\libc_nano.a(libc_a-nano-vfprintf.o)
 .text.__sfputs_r
                0x08009a1a       0x24 C:/ST/STM32CubeIDE_1.19.0/STM32CubeIDE/plugins/com.st.stm32cube.ide.mcu.externaltools.gnu-tools-for-stm32.13.3.rel1.win32_1.0.0.202411081344/tools/bin/../lib/gcc/arm-none-eabi/13.3.1/../../../../arm-none-eabi/lib/thumb/v7e-m+fp/hard\libc_nano.a(libc_a-nano-vfprintf.o)
                0x08009a1a                __sfputs_r
 *fill*         0x08009a3e        0x2 
 .text._vfprintf_r
                0x08009a40      0x230 C:/ST/STM32CubeIDE_1.19.0/STM32CubeIDE/plugins/com.st.stm32cube.ide.mcu.externaltools.gnu-tools-for-stm32.13.3.rel1.win32_1.0.0.202411081344/tools/bin/../lib/gcc/arm-none-eabi/13.3.1/../../../../arm-none-eabi/lib/thumb/v7e-m+fp/hard\libc_nano.a(libc_a-nano-vfprintf.o)
                0x08009a40                _vfprintf_r
                0x08009a40                _vfiprintf_r
 .text._printf_common
                0x08009c70       0xda C:/ST/STM32CubeIDE_1.19.0/STM32CubeIDE/plugins/com.st.stm32cube.ide.mcu.externaltools.gnu-tools-for-stm32.13.3.rel1.win32_1.0.0.202411081344/tools/bin/../lib/gcc/arm-none-eabi/13.3.1/../../../../arm-none-eabi/lib/thumb/v7e-m+fp/hard\libc_nano.a(libc_a-nano-vfprintf_i.o)
                0x08009c70                _printf_common
 *fill*         0x08009d4a        0x2 
 .text._printf_i
                0x08009d4c      0x23c C:/ST/STM32CubeIDE_1.19.0/STM32CubeIDE/plugins/com.st.stm32cube.ide.mcu.externaltools.gnu-tools-for-stm32.13.3.rel1.win32_1.0.0.202411081344/tools/bin/../lib/gcc/arm-none-eabi/13.3.1/../../../../arm-none-eabi/lib/thumb/v7e-m+fp/hard\libc_nano.a(libc_a-nano-vfprintf_i.o)
                0x08009d4c                _printf_i
 .text.__sflush_r
                0x08009f88      0x108 C:/ST/STM32CubeIDE_1.19.0/STM32CubeIDE/plugins/com.st.stm32cube.ide.mcu.externaltools.gnu-tools-for-stm32.13.3.rel1.win32_1.0.0.202411081344/tools/bin/../lib/gcc/arm-none-eabi/13.3.1/../../../../arm-none-eabi/lib/thumb/v7e-m+fp/hard\libc_nano.a(libc_a-fflush.o)
                0x08009f88                __sflush_r
 .text._fflush_r
                0x0800a090       0x50 C:/ST/STM32CubeIDE_1.19.0/STM32CubeIDE/plugins/com.st.stm32cube.ide.mcu.externaltools.gnu-tools-for-stm32.13.3.rel1.win32_1.0.0.202411081344/tools/bin/../lib/gcc/arm-none-eabi/13.3.1/../../../../arm-none-eabi/lib/thumb/v7e-m+fp/hard\libc_nano.a(libc_a-fflush.o)
                0x0800a090                _fflush_r
 .text.fprintf  0x0800a0e0       0x24 C:/ST/STM32CubeIDE_1.19.0/STM32CubeIDE/plugins/com.st.stm32cube.ide.mcu.externaltools.gnu-tools-for-stm32.13.3.rel1.win32_1.0.0.202411081344/tools/bin/../lib/gcc/arm-none-eabi/13.3.1/../../../../arm-none-eabi/lib/thumb/v7e-m+fp/hard\libc_nano.a(libc_a-fprintf.o)
                0x0800a0e0                fiprintf
                0x0800a0e0                fprintf
 .text.__swhatbuf_r
                0x0800a104       0x4c C:/ST/STM32CubeIDE_1.19.0/STM32CubeIDE/plugins/com.st.stm32cube.ide.mcu.externaltools.gnu-tools-for-stm32.13.3.rel1.win32_1.0.0.202411081344/tools/bin/../lib/gcc/arm-none-eabi/13.3.1/../../../../arm-none-eabi/lib/thumb/v7e-m+fp/hard\libc_nano.a(libc_a-makebuf.o)
                0x0800a104                __swhatbuf_r
 .text.__smakebuf_r
                0x0800a150       0x78 C:/ST/STM32CubeIDE_1.19.0/STM32CubeIDE/plugins/com.st.stm32cube.ide.mcu.externaltools.gnu-tools-for-stm32.13.3.rel1.win32_1.0.0.202411081344/tools/bin/../lib/gcc/arm-none-eabi/13.3.1/../../../../arm-none-eabi/lib/thumb/v7e-m+fp/hard\libc_nano.a(libc_a-makebuf.o)
                0x0800a150                __smakebuf_r
 .text.memmove  0x0800a1c8       0x34 C:/ST/STM32CubeIDE_1.19.0/STM32CubeIDE/plugins/com.st.stm32cube.ide.mcu.externaltools.gnu-tools-for-stm32.13.3.rel1.win32_1.0.0.202411081344/tools/bin/../lib/gcc/arm-none-eabi/13.3.1/../../../../arm-none-eabi/lib/thumb/v7e-m+fp/hard\libc_nano.a(libc_a-memmove.o)
                0x0800a1c8                memmove
 .text._fstat_r
                0x0800a1fc       0x24 C:/ST/STM32CubeIDE_1.19.0/STM32CubeIDE/plugins/com.st.stm32cube.ide.mcu.externaltools.gnu-tools-for-stm32.13.3.rel1.win32_1.0.0.202411081344/tools/bin/../lib/gcc/arm-none-eabi/13.3.1/../../../../arm-none-eabi/lib/thumb/v7e-m+fp/hard\libc_nano.a(libc_a-fstatr.o)
                0x0800a1fc                _fstat_r
 .text._isatty_r
                0x0800a220       0x20 C:/ST/STM32CubeIDE_1.19.0/STM32CubeIDE/plugins/com.st.stm32cube.ide.mcu.externaltools.gnu-tools-for-stm32.13.3.rel1.win32_1.0.0.202411081344/tools/bin/../lib/gcc/arm-none-eabi/13.3.1/../../../../arm-none-eabi/lib/thumb/v7e-m+fp/hard\libc_nano.a(libc_a-isattyr.o)
                0x0800a220                _isatty_r
 .text.abort    0x0800a240        0xe C:/ST/STM32CubeIDE_1.19.0/STM32CubeIDE/plugins/com.st.stm32cube.ide.mcu.externaltools.gnu-tools-for-stm32.13.3.rel1.win32_1.0.0.202411081344/tools/bin/../lib/gcc/arm-none-eabi/13.3.1/../../../../arm-none-eabi/lib/thumb/v7e-m+fp/hard\libc_nano.a(libc_a-abort.o)
                0x0800a240                abort
 .text._realloc_r
                0x0800a24e       0x5c C:/ST/STM32CubeIDE_1.19.0/STM32CubeIDE/plugins/com.st.stm32cube.ide.mcu.externaltools.gnu-tools-for-stm32.13.3.rel1.win32_1.0.0.202411081344/tools/bin/../lib/gcc/arm-none-eabi/13.3.1/../../../../arm-none-eabi/lib/thumb/v7e-m+fp/hard\libc_nano.a(libc_a-reallocr.o)
                0x0800a24e                _realloc_r
 .text._raise_r
                0x0800a2aa       0x50 C:/ST/STM32CubeIDE_1.19.0/STM32CubeIDE/plugins/com.st.stm32cube.ide.mcu.externaltools.gnu-tools-for-stm32.13.3.rel1.win32_1.0.0.202411081344/tools/bin/../lib/gcc/arm-none-eabi/13.3.1/../../../../arm-none-eabi/lib/thumb/v7e-m+fp/hard\libc_nano.a(libc_a-signal.o)
                0x0800a2aa                _raise_r
 *fill*         0x0800a2fa        0x2 
 .text.raise    0x0800a2fc       0x10 C:/ST/STM32CubeIDE_1.19.0/STM32CubeIDE/plugins/com.st.stm32cube.ide.mcu.externaltools.gnu-tools-for-stm32.13.3.rel1.win32_1.0.0.202411081344/tools/bin/../lib/gcc/arm-none-eabi/13.3.1/../../../../arm-none-eabi/lib/thumb/v7e-m+fp/hard\libc_nano.a(libc_a-signal.o)
                0x0800a2fc                raise
 .text._kill_r  0x0800a30c       0x24 C:/ST/STM32CubeIDE_1.19.0/STM32CubeIDE/plugins/com.st.stm32cube.ide.mcu.externaltools.gnu-tools-for-stm32.13.3.rel1.win32_1.0.0.202411081344/tools/bin/../lib/gcc/arm-none-eabi/13.3.1/../../../../arm-none-eabi/lib/thumb/v7e-m+fp/hard\libc_nano.a(libc_a-signalr.o)
                0x0800a30c                _kill_r
 .text._getpid_r
                0x0800a330        0x4 C:/ST/STM32CubeIDE_1.19.0/STM32CubeIDE/plugins/com.st.stm32cube.ide.mcu.externaltools.gnu-tools-for-stm32.13.3.rel1.win32_1.0.0.202411081344/tools/bin/../lib/gcc/arm-none-eabi/13.3.1/../../../../arm-none-eabi/lib/thumb/v7e-m+fp/hard\libc_nano.a(libc_a-signalr.o)
                0x0800a330                _getpid_r
 .text._malloc_usable_size_r
                0x0800a334       0x10 C:/ST/STM32CubeIDE_1.19.0/STM32CubeIDE/plugins/com.st.stm32cube.ide.mcu.externaltools.gnu-tools-for-stm32.13.3.rel1.win32_1.0.0.202411081344/tools/bin/../lib/gcc/arm-none-eabi/13.3.1/../../../../arm-none-eabi/lib/thumb/v7e-m+fp/hard\libc_nano.a(libc_a-msizer.o)
                0x0800a334                _malloc_usable_size_r
 *(.glue_7)
 .glue_7        0x0800a344        0x0 linker stubs
 *(.glue_7t)
 .glue_7t       0x0800a344        0x0 linker stubs
 *(.eh_frame)
 .eh_frame      0x0800a344        0x0 C:/ST/STM32CubeIDE_1.19.0/STM32CubeIDE/plugins/com.st.stm32cube.ide.mcu.externaltools.gnu-tools-for-stm32.13.3.rel1.win32_1.0.0.202411081344/tools/bin/../lib/gcc/arm-none-eabi/13.3.1/thumb/v7e-m+fp/hard/crtbegin.o
 *(.init)
 .init          0x0800a344        0x4 C:/ST/STM32CubeIDE_1.19.0/STM32CubeIDE/plugins/com.st.stm32cube.ide.mcu.externaltools.gnu-tools-for-stm32.13.3.rel1.win32_1.0.0.202411081344/tools/bin/../lib/gcc/arm-none-eabi/13.3.1/thumb/v7e-m+fp/hard/crti.o
                0x0800a344                _init
 .init          0x0800a348        0x8 C:/ST/STM32CubeIDE_1.19.0/STM32CubeIDE/plugins/com.st.stm32cube.ide.mcu.externaltools.gnu-tools-for-stm32.13.3.rel1.win32_1.0.0.202411081344/tools/bin/../lib/gcc/arm-none-eabi/13.3.1/thumb/v7e-m+fp/hard/crtn.o
 *(.fini)
 .fini          0x0800a350        0x4 C:/ST/STM32CubeIDE_1.19.0/STM32CubeIDE/plugins/com.st.stm32cube.ide.mcu.externaltools.gnu-tools-for-stm32.13.3.rel1.win32_1.0.0.202411081344/tools/bin/../lib/gcc/arm-none-eabi/13.3.1/thumb/v7e-m+fp/hard/crti.o
                0x0800a350                _fini
 .fini          0x0800a354        0x8 C:/ST/STM32CubeIDE_1.19.0/STM32CubeIDE/plugins/com.st.stm32cube.ide.mcu.externaltools.gnu-tools-for-stm32.13.3.rel1.win32_1.0.0.202411081344/tools/bin/../lib/gcc/arm-none-eabi/13.3.1/thumb/v7e-m+fp/hard/crtn.o
                0x0800a35c                        . = ALIGN (0x4)
                0x0800a35c                        _etext = .

.vfp11_veneer   0x0800a35c        0x0
 .vfp11_veneer  0x0800a35c        0x0 linker stubs

.v4_bx          0x0800a35c        0x0
 .v4_bx         0x0800a35c        0x0 linker stubs

.iplt           0x0800a35c        0x0
 .iplt          0x0800a35c        0x0 C:/ST/STM32CubeIDE_1.19.0/STM32CubeIDE/plugins/com.st.stm32cube.ide.mcu.externaltools.gnu-tools-for-stm32.13.3.rel1.win32_1.0.0.202411081344/tools/bin/../lib/gcc/arm-none-eabi/13.3.1/thumb/v7e-m+fp/hard/crtbegin.o

.rodata         0x0800a35c     0x21a4
                0x0800a35c                        . = ALIGN (0x4)
 *(.rodata)
 .rodata        0x0800a35c       0x12 ./Drivers/Ethernet_W550/DHCP/dhcp.o
 *fill*         0x0800a36e        0x2 
 .rodata        0x0800a370      0x5fa ./Drivers/Ethernet_W550/httpServer/httpParser.o
 *fill*         0x0800a96a        0x2 
 .rodata        0x0800a96c      0x13d ./Drivers/Ethernet_W550/httpServer/httpServer.o
 *fill*         0x0800aaa9        0x3 
 .rodata        0x0800aaac        0xf ./Drivers/Ethernet_W550/httpServer/httpUtil.o
 *fill*         0x0800aabb        0x1 
 .rodata        0x0800aabc      0x33a ./Drivers/Ethernet_W550/http_server_example.o
 *fill*         0x0800adf6        0x2 
 .rodata        0x0800adf8      0x1cc ./Drivers/Ethernet_W550/wizchip_port.o
 *(.rodata*)
 .rodata.AHBPrescTable
                0x0800afc4       0x10 ./Core/Src/system_stm32f4xx.o
                0x0800afc4                AHBPrescTable
 .rodata.APBPrescTable
                0x0800afd4        0x8 ./Core/Src/system_stm32f4xx.o
                0x0800afd4                APBPrescTable
 .rodata.ERROR_HTML_PAGE
                0x0800afdc       0x99 ./Drivers/Ethernet_W550/httpServer/httpServer.o
 *fill*         0x0800b075        0x3 
 .rodata.ERROR_REQUEST_PAGE
                0x0800b078       0x76 ./Drivers/Ethernet_W550/httpServer/httpServer.o
 *fill*         0x0800b0ee        0x2 
 .rodata.index_page
                0x0800b0f0     0x122d ./Drivers/Ethernet_W550/http_server_example.o
                0x0800b0f0                index_page
 .rodata._ctype_
                0x0800c31d      0x101 C:/ST/STM32CubeIDE_1.19.0/STM32CubeIDE/plugins/com.st.stm32cube.ide.mcu.externaltools.gnu-tools-for-stm32.13.3.rel1.win32_1.0.0.202411081344/tools/bin/../lib/gcc/arm-none-eabi/13.3.1/../../../../arm-none-eabi/lib/thumb/v7e-m+fp/hard\libc_nano.a(libc_a-ctype_.o)
                0x0800c31d                _ctype_
 .rodata.strtok.str1.1
                0x0800c41e       0xe0 C:/ST/STM32CubeIDE_1.19.0/STM32CubeIDE/plugins/com.st.stm32cube.ide.mcu.externaltools.gnu-tools-for-stm32.13.3.rel1.win32_1.0.0.202411081344/tools/bin/../lib/gcc/arm-none-eabi/13.3.1/../../../../arm-none-eabi/lib/thumb/v7e-m+fp/hard\libc_nano.a(libc_a-strtok.o)
                                 0x71 (size before relaxing)
 .rodata.__assert_func.str1.1
                0x0800c4fe       0x3d C:/ST/STM32CubeIDE_1.19.0/STM32CubeIDE/plugins/com.st.stm32cube.ide.mcu.externaltools.gnu-tools-for-stm32.13.3.rel1.win32_1.0.0.202411081344/tools/bin/../lib/gcc/arm-none-eabi/13.3.1/../../../../arm-none-eabi/lib/thumb/v7e-m+fp/hard\libc_nano.a(libc_a-assert.o)
 .rodata._svfprintf_r.str1.1
                0x0800c4fe       0x11 C:/ST/STM32CubeIDE_1.19.0/STM32CubeIDE/plugins/com.st.stm32cube.ide.mcu.externaltools.gnu-tools-for-stm32.13.3.rel1.win32_1.0.0.202411081344/tools/bin/../lib/gcc/arm-none-eabi/13.3.1/../../../../arm-none-eabi/lib/thumb/v7e-m+fp/hard\libc_nano.a(libc_a-nano-svfprintf.o)
 .rodata._vfprintf_r.str1.1
                0x0800c4fe       0x11 C:/ST/STM32CubeIDE_1.19.0/STM32CubeIDE/plugins/com.st.stm32cube.ide.mcu.externaltools.gnu-tools-for-stm32.13.3.rel1.win32_1.0.0.202411081344/tools/bin/../lib/gcc/arm-none-eabi/13.3.1/../../../../arm-none-eabi/lib/thumb/v7e-m+fp/hard\libc_nano.a(libc_a-nano-vfprintf.o)
 .rodata._printf_i.str1.1
                0x0800c4fe       0x22 C:/ST/STM32CubeIDE_1.19.0/STM32CubeIDE/plugins/com.st.stm32cube.ide.mcu.externaltools.gnu-tools-for-stm32.13.3.rel1.win32_1.0.0.202411081344/tools/bin/../lib/gcc/arm-none-eabi/13.3.1/../../../../arm-none-eabi/lib/thumb/v7e-m+fp/hard\libc_nano.a(libc_a-nano-vfprintf_i.o)
                0x0800c53c                        . = ALIGN (0x4)
 *fill*         0x0800c4fe        0x2 

.ARM.extab      0x0800c500        0x0
                0x0800c500                        . = ALIGN (0x4)
 *(.ARM.extab* .gnu.linkonce.armextab.*)
                0x0800c500                        . = ALIGN (0x4)

.ARM            0x0800c500        0x8
                0x0800c500                        . = ALIGN (0x4)
                0x0800c500                        __exidx_start = .
 *(.ARM.exidx*)
 .ARM.exidx     0x0800c500        0x8 C:/ST/STM32CubeIDE_1.19.0/STM32CubeIDE/plugins/com.st.stm32cube.ide.mcu.externaltools.gnu-tools-for-stm32.13.3.rel1.win32_1.0.0.202411081344/tools/bin/../lib/gcc/arm-none-eabi/13.3.1/../../../../arm-none-eabi/lib/thumb/v7e-m+fp/hard\libc_nano.a(libc_a-strcmp.o)
 .ARM.exidx     0x0800c508        0x0 C:/ST/STM32CubeIDE_1.19.0/STM32CubeIDE/plugins/com.st.stm32cube.ide.mcu.externaltools.gnu-tools-for-stm32.13.3.rel1.win32_1.0.0.202411081344/tools/bin/../lib/gcc/arm-none-eabi/13.3.1/../../../../arm-none-eabi/lib/thumb/v7e-m+fp/hard\libc_nano.a(libc_a-strlen.o)
                                  0x8 (size before relaxing)
 .ARM.exidx     0x0800c508        0x0 C:/ST/STM32CubeIDE_1.19.0/STM32CubeIDE/plugins/com.st.stm32cube.ide.mcu.externaltools.gnu-tools-for-stm32.13.3.rel1.win32_1.0.0.202411081344/tools/bin/../lib/gcc/arm-none-eabi/13.3.1/../../../../arm-none-eabi/lib/thumb/v7e-m+fp/hard\libc_nano.a(libc_a-memchr.o)
                                  0x8 (size before relaxing)
 .ARM.exidx     0x0800c508        0x0 C:/ST/STM32CubeIDE_1.19.0/STM32CubeIDE/plugins/com.st.stm32cube.ide.mcu.externaltools.gnu-tools-for-stm32.13.3.rel1.win32_1.0.0.202411081344/tools/bin/../lib/gcc/arm-none-eabi/13.3.1/thumb/v7e-m+fp/hard\libgcc.a(_udivmoddi4.o)
                                  0x8 (size before relaxing)
                0x0800c508                        __exidx_end = .
                0x0800c508                        . = ALIGN (0x4)

.preinit_array  0x0800c508        0x0
                0x0800c508                        . = ALIGN (0x4)
                0x0800c508                        PROVIDE (__preinit_array_start = .)
 *(.preinit_array*)
                0x0800c508                        PROVIDE (__preinit_array_end = .)
                0x0800c508                        . = ALIGN (0x4)

.init_array     0x0800c508        0x4
                0x0800c508                        . = ALIGN (0x4)
                0x0800c508                        PROVIDE (__init_array_start = .)
 *(SORT_BY_NAME(.init_array.*))
 *(.init_array*)
 .init_array    0x0800c508        0x4 C:/ST/STM32CubeIDE_1.19.0/STM32CubeIDE/plugins/com.st.stm32cube.ide.mcu.externaltools.gnu-tools-for-stm32.13.3.rel1.win32_1.0.0.202411081344/tools/bin/../lib/gcc/arm-none-eabi/13.3.1/thumb/v7e-m+fp/hard/crtbegin.o
                0x0800c50c                        PROVIDE (__init_array_end = .)
                0x0800c50c                        . = ALIGN (0x4)

.fini_array     0x0800c50c        0x4
                0x0800c50c                        . = ALIGN (0x4)
                [!provide]                        PROVIDE (__fini_array_start = .)
 *(SORT_BY_NAME(.fini_array.*))
 *(.fini_array*)
 .fini_array    0x0800c50c        0x4 C:/ST/STM32CubeIDE_1.19.0/STM32CubeIDE/plugins/com.st.stm32cube.ide.mcu.externaltools.gnu-tools-for-stm32.13.3.rel1.win32_1.0.0.202411081344/tools/bin/../lib/gcc/arm-none-eabi/13.3.1/thumb/v7e-m+fp/hard/crtbegin.o
                [!provide]                        PROVIDE (__fini_array_end = .)
                0x0800c510                        . = ALIGN (0x4)
                0x0800c510                        _sidata = LOADADDR (.data)

.rel.dyn        0x0800c510        0x0
 .rel.iplt      0x0800c510        0x0 C:/ST/STM32CubeIDE_1.19.0/STM32CubeIDE/plugins/com.st.stm32cube.ide.mcu.externaltools.gnu-tools-for-stm32.13.3.rel1.win32_1.0.0.202411081344/tools/bin/../lib/gcc/arm-none-eabi/13.3.1/thumb/v7e-m+fp/hard/crtbegin.o

.data           0x20000000      0x158 load address 0x0800c510
                0x20000000                        . = ALIGN (0x4)
                0x20000000                        _sdata = .
 *(.data)
 *(.data*)
 .data.SystemCoreClock
                0x20000000        0x4 ./Core/Src/system_stm32f4xx.o
                0x20000000                SystemCoreClock
 .data.dhcp_lease_time
                0x20000004        0x4 ./Drivers/Ethernet_W550/DHCP/dhcp.o
                0x20000004                dhcp_lease_time
 .data.dhcp_tick_next
                0x20000008        0x4 ./Drivers/Ethernet_W550/DHCP/dhcp.o
                0x20000008                dhcp_tick_next
 .data.HOST_NAME
                0x2000000c        0x8 ./Drivers/Ethernet_W550/DHCP/dhcp.o
                0x2000000c                HOST_NAME
 .data.dhcp_ip_assign
                0x20000014        0x4 ./Drivers/Ethernet_W550/DHCP/dhcp.o
                0x20000014                dhcp_ip_assign
 .data.dhcp_ip_update
                0x20000018        0x4 ./Drivers/Ethernet_W550/DHCP/dhcp.o
                0x20000018                dhcp_ip_update
 .data.dhcp_ip_conflict
                0x2000001c        0x4 ./Drivers/Ethernet_W550/DHCP/dhcp.o
                0x2000001c                dhcp_ip_conflict
 .data.HTTPServer_ReStart
                0x20000020        0x4 ./Drivers/Ethernet_W550/httpServer/httpServer.o
                0x20000020                HTTPServer_ReStart
 .data.HTTPServer_WDT_Reset
                0x20000024        0x4 ./Drivers/Ethernet_W550/httpServer/httpServer.o
                0x20000024                HTTPServer_WDT_Reset
 .data.sockList
                0x20000028        0x2 ./Drivers/Ethernet_W550/http_server_example.o
                0x20000028                sockList
 *fill*         0x2000002a        0x2 
 .data.last_send_status
                0x2000002c       0x80 ./Drivers/Ethernet_W550/http_server_example.o
                0x2000002c                last_send_status
 .data.sock_any_port
                0x200000ac        0x2 ./Drivers/Ethernet_W550/socket.o
 *fill*         0x200000ae        0x2 
 .data.WIZCHIP  0x200000b0       0x2c ./Drivers/Ethernet_W550/wizchip_conf.o
                0x200000b0                WIZCHIP
 .data.netInfo  0x200000dc       0x17 ./Drivers/Ethernet_W550/wizchip_port.o
                0x200000dc                netInfo
 *fill*         0x200000f3        0x1 
 .data.uwTickPrio
                0x200000f4        0x4 ./Drivers/STM32F4xx_HAL_Driver/Src/stm32f4xx_hal.o
                0x200000f4                uwTickPrio
 .data.uwTickFreq
                0x200000f8        0x1 ./Drivers/STM32F4xx_HAL_Driver/Src/stm32f4xx_hal.o
                0x200000f8                uwTickFreq
 *fill*         0x200000f9        0x3 
 .data.__sglue  0x200000fc        0xc C:/ST/STM32CubeIDE_1.19.0/STM32CubeIDE/plugins/com.st.stm32cube.ide.mcu.externaltools.gnu-tools-for-stm32.13.3.rel1.win32_1.0.0.202411081344/tools/bin/../lib/gcc/arm-none-eabi/13.3.1/../../../../arm-none-eabi/lib/thumb/v7e-m+fp/hard\libc_nano.a(libc_a-findfp.o)
                0x200000fc                __sglue
 .data._impure_ptr
                0x20000108        0x4 C:/ST/STM32CubeIDE_1.19.0/STM32CubeIDE/plugins/com.st.stm32cube.ide.mcu.externaltools.gnu-tools-for-stm32.13.3.rel1.win32_1.0.0.202411081344/tools/bin/../lib/gcc/arm-none-eabi/13.3.1/../../../../arm-none-eabi/lib/thumb/v7e-m+fp/hard\libc_nano.a(libc_a-impure.o)
                0x20000108                _impure_ptr
 .data._impure_data
                0x2000010c       0x4c C:/ST/STM32CubeIDE_1.19.0/STM32CubeIDE/plugins/com.st.stm32cube.ide.mcu.externaltools.gnu-tools-for-stm32.13.3.rel1.win32_1.0.0.202411081344/tools/bin/../lib/gcc/arm-none-eabi/13.3.1/../../../../arm-none-eabi/lib/thumb/v7e-m+fp/hard\libc_nano.a(libc_a-impure.o)
                0x2000010c                _impure_data
 *(.RamFunc)
 *(.RamFunc*)
                0x20000158                        . = ALIGN (0x4)
                0x20000158                        _edata = .

.igot.plt       0x20000158        0x0 load address 0x0800c668
 .igot.plt      0x20000158        0x0 C:/ST/STM32CubeIDE_1.19.0/STM32CubeIDE/plugins/com.st.stm32cube.ide.mcu.externaltools.gnu-tools-for-stm32.13.3.rel1.win32_1.0.0.202411081344/tools/bin/../lib/gcc/arm-none-eabi/13.3.1/thumb/v7e-m+fp/hard/crtbegin.o
                0x20000158                        . = ALIGN (0x4)

.bss            0x20000158     0x21f0 load address 0x0800c668
                0x20000158                        _sbss = .
                0x20000158                        __bss_start__ = _sbss
 *(.bss)
 .bss           0x20000158       0x1c C:/ST/STM32CubeIDE_1.19.0/STM32CubeIDE/plugins/com.st.stm32cube.ide.mcu.externaltools.gnu-tools-for-stm32.13.3.rel1.win32_1.0.0.202411081344/tools/bin/../lib/gcc/arm-none-eabi/13.3.1/thumb/v7e-m+fp/hard/crtbegin.o
 *(.bss*)
 .bss.hspi1     0x20000174       0x58 ./Core/Src/main.o
                0x20000174                hspi1
 .bss.huart2    0x200001cc       0x48 ./Core/Src/main.o
                0x200001cc                huart2
 .bss.htim10    0x20000214       0x48 ./Core/Src/stm32f4xx_hal_timebase_tim.o
                0x20000214                htim10
 .bss.__sbrk_heap_end
                0x2000025c        0x4 ./Core/Src/sysmem.o
 .bss.DHCP_SOCKET
                0x20000260        0x1 ./Drivers/Ethernet_W550/DHCP/dhcp.o
                0x20000260                DHCP_SOCKET
 *fill*         0x20000261        0x3 
 .bss.DHCP_SIP  0x20000264        0x4 ./Drivers/Ethernet_W550/DHCP/dhcp.o
                0x20000264                DHCP_SIP
 .bss.DHCP_REAL_SIP
                0x20000268        0x4 ./Drivers/Ethernet_W550/DHCP/dhcp.o
                0x20000268                DHCP_REAL_SIP
 .bss.OLD_allocated_ip
                0x2000026c        0x4 ./Drivers/Ethernet_W550/DHCP/dhcp.o
                0x2000026c                OLD_allocated_ip
 .bss.DHCP_allocated_ip
                0x20000270        0x4 ./Drivers/Ethernet_W550/DHCP/dhcp.o
                0x20000270                DHCP_allocated_ip
 .bss.DHCP_allocated_gw
                0x20000274        0x4 ./Drivers/Ethernet_W550/DHCP/dhcp.o
                0x20000274                DHCP_allocated_gw
 .bss.DHCP_allocated_sn
                0x20000278        0x4 ./Drivers/Ethernet_W550/DHCP/dhcp.o
                0x20000278                DHCP_allocated_sn
 .bss.DHCP_allocated_dns
                0x2000027c        0x4 ./Drivers/Ethernet_W550/DHCP/dhcp.o
                0x2000027c                DHCP_allocated_dns
 .bss.dhcp_state
                0x20000280        0x1 ./Drivers/Ethernet_W550/DHCP/dhcp.o
                0x20000280                dhcp_state
 .bss.dhcp_retry_count
                0x20000281        0x1 ./Drivers/Ethernet_W550/DHCP/dhcp.o
                0x20000281                dhcp_retry_count
 *fill*         0x20000282        0x2 
 .bss.dhcp_tick_1s
                0x20000284        0x4 ./Drivers/Ethernet_W550/DHCP/dhcp.o
                0x20000284                dhcp_tick_1s
 .bss.DHCP_XID  0x20000288        0x4 ./Drivers/Ethernet_W550/DHCP/dhcp.o
                0x20000288                DHCP_XID
 .bss.pDHCPMSG  0x2000028c        0x4 ./Drivers/Ethernet_W550/DHCP/dhcp.o
                0x2000028c                pDHCPMSG
 .bss.DHCP_CHADDR
                0x20000290        0x6 ./Drivers/Ethernet_W550/DHCP/dhcp.o
                0x20000290                DHCP_CHADDR
 *fill*         0x20000296        0x2 
 .bss.pDNSMSG   0x20000298        0x4 ./Drivers/Ethernet_W550/DNS/dns.o
                0x20000298                pDNSMSG
 .bss.DNS_SOCKET
                0x2000029c        0x1 ./Drivers/Ethernet_W550/DNS/dns.o
                0x2000029c                DNS_SOCKET
 *fill*         0x2000029d        0x1 
 .bss.DNS_MSGID
                0x2000029e        0x2 ./Drivers/Ethernet_W550/DNS/dns.o
                0x2000029e                DNS_MSGID
 .bss.HTTPSock_Num
                0x200002a0        0x8 ./Drivers/Ethernet_W550/httpServer/httpServer.o
 .bss.http_request
                0x200002a8        0x4 ./Drivers/Ethernet_W550/httpServer/httpServer.o
 .bss.parsed_http_request
                0x200002ac        0x4 ./Drivers/Ethernet_W550/httpServer/httpServer.o
 .bss.http_response
                0x200002b0        0x4 ./Drivers/Ethernet_W550/httpServer/httpServer.o
 .bss.total_content_cnt
                0x200002b4        0x2 ./Drivers/Ethernet_W550/httpServer/httpServer.o
 *fill*         0x200002b6        0x2 
 .bss.pHTTP_TX  0x200002b8        0x4 ./Drivers/Ethernet_W550/httpServer/httpServer.o
                0x200002b8                pHTTP_TX
 .bss.pHTTP_RX  0x200002bc        0x4 ./Drivers/Ethernet_W550/httpServer/httpServer.o
                0x200002bc                pHTTP_RX
 .bss.httpServer_tick_1s
                0x200002c0        0x4 ./Drivers/Ethernet_W550/httpServer/httpServer.o
                0x200002c0                httpServer_tick_1s
 .bss.HTTPSock_Status
                0x200002c4      0x4a0 ./Drivers/Ethernet_W550/httpServer/httpServer.o
                0x200002c4                HTTPSock_Status
 .bss.web_content
                0x20000764       0xf0 ./Drivers/Ethernet_W550/httpServer/httpServer.o
                0x20000764                web_content
 .bss.message_history
                0x20000854      0xb40 ./Drivers/Ethernet_W550/http_server_example.o
                0x20000854                message_history
 .bss.message_count
                0x20001394        0x1 ./Drivers/Ethernet_W550/http_server_example.o
                0x20001394                message_count
 .bss.message_index
                0x20001395        0x1 ./Drivers/Ethernet_W550/http_server_example.o
                0x20001395                message_index
 *fill*         0x20001396        0x2 
 .bss.rx_buf    0x20001398      0x400 ./Drivers/Ethernet_W550/http_server_example.o
                0x20001398                rx_buf
 .bss.tx_buf    0x20001798      0x400 ./Drivers/Ethernet_W550/http_server_example.o
                0x20001798                tx_buf
 .bss.udp_rx_buffer
                0x20001b98      0x200 ./Drivers/Ethernet_W550/http_server_example.o
                0x20001b98                udp_rx_buffer
 .bss.udp_data_len
                0x20001d98        0x2 ./Drivers/Ethernet_W550/http_server_example.o
                0x20001d98                udp_data_len
 *fill*         0x20001d9a        0x2 
 .bss.remote_ip
                0x20001d9c        0x4 ./Drivers/Ethernet_W550/http_server_example.o
                0x20001d9c                remote_ip
 .bss.remote_port
                0x20001da0        0x2 ./Drivers/Ethernet_W550/http_server_example.o
                0x20001da0                remote_port
 *fill*         0x20001da2        0x2 
 .bss.last_receive_time
                0x20001da4        0x4 ./Drivers/Ethernet_W550/http_server_example.o
                0x20001da4                last_receive_time
 .bss.last_send_time
                0x20001da8        0x4 ./Drivers/Ethernet_W550/http_server_example.o
                0x20001da8                last_send_time
 .bss.last_send_result
                0x20001dac        0x4 ./Drivers/Ethernet_W550/http_server_example.o
                0x20001dac                last_send_result
 .bss.sock_io_mode
                0x20001db0        0x2 ./Drivers/Ethernet_W550/socket.o
 .bss.sock_is_sending
                0x20001db2        0x2 ./Drivers/Ethernet_W550/socket.o
 .bss.sock_remained_size
                0x20001db4       0x10 ./Drivers/Ethernet_W550/socket.o
 .bss.sock_pack_info
                0x20001dc4        0x8 ./Drivers/Ethernet_W550/socket.o
                0x20001dc4                sock_pack_info
 .bss._DNS_     0x20001dcc        0x4 ./Drivers/Ethernet_W550/wizchip_conf.o
 .bss._DHCP_    0x20001dd0        0x1 ./Drivers/Ethernet_W550/wizchip_conf.o
 .bss.ip_assigned
                0x20001dd1        0x1 ./Drivers/Ethernet_W550/wizchip_port.o
                0x20001dd1                ip_assigned
 *fill*         0x20001dd2        0x2 
 .bss.DHCP_buffer
                0x20001dd4      0x224 ./Drivers/Ethernet_W550/wizchip_port.o
                0x20001dd4                DHCP_buffer
 .bss.DNS_buffer
                0x20001ff8      0x200 ./Drivers/Ethernet_W550/wizchip_port.o
                0x20001ff8                DNS_buffer
 .bss.uwTick    0x200021f8        0x4 ./Drivers/STM32F4xx_HAL_Driver/Src/stm32f4xx_hal.o
                0x200021f8                uwTick
 .bss.__malloc_sbrk_start
                0x200021fc        0x4 C:/ST/STM32CubeIDE_1.19.0/STM32CubeIDE/plugins/com.st.stm32cube.ide.mcu.externaltools.gnu-tools-for-stm32.13.3.rel1.win32_1.0.0.202411081344/tools/bin/../lib/gcc/arm-none-eabi/13.3.1/../../../../arm-none-eabi/lib/thumb/v7e-m+fp/hard\libc_nano.a(libc_a-mallocr.o)
                0x200021fc                __malloc_sbrk_start
 .bss.__malloc_free_list
                0x20002200        0x4 C:/ST/STM32CubeIDE_1.19.0/STM32CubeIDE/plugins/com.st.stm32cube.ide.mcu.externaltools.gnu-tools-for-stm32.13.3.rel1.win32_1.0.0.202411081344/tools/bin/../lib/gcc/arm-none-eabi/13.3.1/../../../../arm-none-eabi/lib/thumb/v7e-m+fp/hard\libc_nano.a(libc_a-mallocr.o)
                0x20002200                __malloc_free_list
 .bss.__sf      0x20002204      0x138 C:/ST/STM32CubeIDE_1.19.0/STM32CubeIDE/plugins/com.st.stm32cube.ide.mcu.externaltools.gnu-tools-for-stm32.13.3.rel1.win32_1.0.0.202411081344/tools/bin/../lib/gcc/arm-none-eabi/13.3.1/../../../../arm-none-eabi/lib/thumb/v7e-m+fp/hard\libc_nano.a(libc_a-findfp.o)
                0x20002204                __sf
 .bss.__stdio_exit_handler
                0x2000233c        0x4 C:/ST/STM32CubeIDE_1.19.0/STM32CubeIDE/plugins/com.st.stm32cube.ide.mcu.externaltools.gnu-tools-for-stm32.13.3.rel1.win32_1.0.0.202411081344/tools/bin/../lib/gcc/arm-none-eabi/13.3.1/../../../../arm-none-eabi/lib/thumb/v7e-m+fp/hard\libc_nano.a(libc_a-findfp.o)
                0x2000233c                __stdio_exit_handler
 .bss.errno     0x20002340        0x4 C:/ST/STM32CubeIDE_1.19.0/STM32CubeIDE/plugins/com.st.stm32cube.ide.mcu.externaltools.gnu-tools-for-stm32.13.3.rel1.win32_1.0.0.202411081344/tools/bin/../lib/gcc/arm-none-eabi/13.3.1/../../../../arm-none-eabi/lib/thumb/v7e-m+fp/hard\libc_nano.a(libc_a-reent.o)
                0x20002340                errno
 .bss.__lock___malloc_recursive_mutex
                0x20002344        0x1 C:/ST/STM32CubeIDE_1.19.0/STM32CubeIDE/plugins/com.st.stm32cube.ide.mcu.externaltools.gnu-tools-for-stm32.13.3.rel1.win32_1.0.0.202411081344/tools/bin/../lib/gcc/arm-none-eabi/13.3.1/../../../../arm-none-eabi/lib/thumb/v7e-m+fp/hard\libc_nano.a(libc_a-lock.o)
                0x20002344                __lock___malloc_recursive_mutex
 .bss.__lock___sfp_recursive_mutex
                0x20002345        0x1 C:/ST/STM32CubeIDE_1.19.0/STM32CubeIDE/plugins/com.st.stm32cube.ide.mcu.externaltools.gnu-tools-for-stm32.13.3.rel1.win32_1.0.0.202411081344/tools/bin/../lib/gcc/arm-none-eabi/13.3.1/../../../../arm-none-eabi/lib/thumb/v7e-m+fp/hard\libc_nano.a(libc_a-lock.o)
                0x20002345                __lock___sfp_recursive_mutex
 *(COMMON)
                0x20002348                        . = ALIGN (0x4)
 *fill*         0x20002346        0x2 
                0x20002348                        _ebss = .
                0x20002348                        __bss_end__ = _ebss

._user_heap_stack
                0x20002348      0x600 load address 0x0800c668
                0x20002348                        . = ALIGN (0x8)
                [!provide]                        PROVIDE (end = .)
                0x20002348                        PROVIDE (_end = .)
                0x20002548                        . = (. + _Min_Heap_Size)
 *fill*         0x20002348      0x200 
                0x20002948                        . = (. + _Min_Stack_Size)
 *fill*         0x20002548      0x400 
                0x20002948                        . = ALIGN (0x8)

/DISCARD/
 libc.a(*)
 libm.a(*)
 libgcc.a(*)

.ARM.attributes
                0x00000000       0x30
 *(.ARM.attributes)
 .ARM.attributes
                0x00000000       0x22 C:/ST/STM32CubeIDE_1.19.0/STM32CubeIDE/plugins/com.st.stm32cube.ide.mcu.externaltools.gnu-tools-for-stm32.13.3.rel1.win32_1.0.0.202411081344/tools/bin/../lib/gcc/arm-none-eabi/13.3.1/thumb/v7e-m+fp/hard/crti.o
 .ARM.attributes
                0x00000022       0x34 C:/ST/STM32CubeIDE_1.19.0/STM32CubeIDE/plugins/com.st.stm32cube.ide.mcu.externaltools.gnu-tools-for-stm32.13.3.rel1.win32_1.0.0.202411081344/tools/bin/../lib/gcc/arm-none-eabi/13.3.1/thumb/v7e-m+fp/hard/crtbegin.o
 .ARM.attributes
                0x00000056       0x34 ./Core/Src/main.o
 .ARM.attributes
                0x0000008a       0x34 ./Core/Src/stm32f4xx_hal_msp.o
 .ARM.attributes
                0x000000be       0x34 ./Core/Src/stm32f4xx_hal_timebase_tim.o
 .ARM.attributes
                0x000000f2       0x34 ./Core/Src/stm32f4xx_it.o
 .ARM.attributes
                0x00000126       0x34 ./Core/Src/syscalls.o
 .ARM.attributes
                0x0000015a       0x34 ./Core/Src/sysmem.o
 .ARM.attributes
                0x0000018e       0x34 ./Core/Src/system_stm32f4xx.o
 .ARM.attributes
                0x000001c2       0x21 ./Core/Startup/startup_stm32f401ccux.o
 .ARM.attributes
                0x000001e3       0x34 ./Drivers/Ethernet_W550/DHCP/dhcp.o
 .ARM.attributes
                0x00000217       0x34 ./Drivers/Ethernet_W550/DNS/dns.o
 .ARM.attributes
                0x0000024b       0x34 ./Drivers/Ethernet_W550/W5500/w5500.o
 .ARM.attributes
                0x0000027f       0x34 ./Drivers/Ethernet_W550/httpServer/httpParser.o
 .ARM.attributes
                0x000002b3       0x34 ./Drivers/Ethernet_W550/httpServer/httpServer.o
 .ARM.attributes
                0x000002e7       0x34 ./Drivers/Ethernet_W550/httpServer/httpUtil.o
 .ARM.attributes
                0x0000031b       0x34 ./Drivers/Ethernet_W550/http_server_example.o
 .ARM.attributes
                0x0000034f       0x34 ./Drivers/Ethernet_W550/socket.o
 .ARM.attributes
                0x00000383       0x34 ./Drivers/Ethernet_W550/wizchip_conf.o
 .ARM.attributes
                0x000003b7       0x34 ./Drivers/Ethernet_W550/wizchip_port.o
 .ARM.attributes
                0x000003eb       0x34 ./Drivers/STM32F4xx_HAL_Driver/Src/stm32f4xx_hal.o
 .ARM.attributes
                0x0000041f       0x34 ./Drivers/STM32F4xx_HAL_Driver/Src/stm32f4xx_hal_cortex.o
 .ARM.attributes
                0x00000453       0x34 ./Drivers/STM32F4xx_HAL_Driver/Src/stm32f4xx_hal_gpio.o
 .ARM.attributes
                0x00000487       0x34 ./Drivers/STM32F4xx_HAL_Driver/Src/stm32f4xx_hal_rcc.o
 .ARM.attributes
                0x000004bb       0x34 ./Drivers/STM32F4xx_HAL_Driver/Src/stm32f4xx_hal_spi.o
 .ARM.attributes
                0x000004ef       0x34 ./Drivers/STM32F4xx_HAL_Driver/Src/stm32f4xx_hal_tim.o
 .ARM.attributes
                0x00000523       0x34 ./Drivers/STM32F4xx_HAL_Driver/Src/stm32f4xx_hal_tim_ex.o
 .ARM.attributes
                0x00000557       0x34 ./Drivers/STM32F4xx_HAL_Driver/Src/stm32f4xx_hal_uart.o
 .ARM.attributes
                0x0000058b       0x34 C:/ST/STM32CubeIDE_1.19.0/STM32CubeIDE/plugins/com.st.stm32cube.ide.mcu.externaltools.gnu-tools-for-stm32.13.3.rel1.win32_1.0.0.202411081344/tools/bin/../lib/gcc/arm-none-eabi/13.3.1/../../../../arm-none-eabi/lib/thumb/v7e-m+fp/hard\libc_nano.a(libc_a-malloc.o)
 .ARM.attributes