../Drivers/Ethernet_W550/httpServer/httpServer.c:65:6:default_mcu_reset	4	static
../Drivers/Ethernet_W550/httpServer/httpServer.c:66:6:default_wdt_reset	4	static
../Drivers/Ethernet_W550/httpServer/httpServer.c:70:6:httpServer_Sockinit	24	static
../Drivers/Ethernet_W550/httpServer/httpServer.c:79:16:getHTTPSocketNum	16	static
../Drivers/Ethernet_W550/httpServer/httpServer.c:84:15:getHTTPSequenceNum	24	static
../Drivers/Ethernet_W550/httpServer/httpServer.c:95:6:httpServer_init	24	static
../Drivers/Ethernet_W550/httpServer/httpServer.c:106:6:reg_httpServer_cbfunc	16	static
../Drivers/Ethernet_W550/httpServer/httpServer.c:117:6:httpServer_run	48	static
../Drivers/Ethernet_W550/httpServer/httpServer.c:261:13:send_http_response_header	24	static
../Drivers/Ethernet_W550/httpServer/httpServer.c:302:13:send_http_response_body	32	static
../Drivers/Ethernet_W550/httpServer/httpServer.c:442:13:send_http_response_cgi	40	static
../Drivers/Ethernet_W550/httpServer/httpServer.c:457:15:http_disconnect	16	static
../Drivers/Ethernet_W550/httpServer/httpServer.c:466:13:http_process_handler	568	static
../Drivers/Ethernet_W550/httpServer/httpServer.c:618:6:httpServer_time_handler	4	static
../Drivers/Ethernet_W550/httpServer/httpServer.c:622:10:get_httpServer_timecount	4	static
../Drivers/Ethernet_W550/httpServer/httpServer.c:626:6:reg_httpServer_webContent	32	static
../Drivers/Ethernet_W550/httpServer/httpServer.c:647:9:display_reg_webContent_list	16	static
../Drivers/Ethernet_W550/httpServer/httpServer.c:674:9:find_userReg_webContent	32	static
../Drivers/Ethernet_W550/httpServer/httpServer.c:690:10:read_userReg_webContent	32	static
