../Drivers/Ethernet_W550/wizchip_port.c:46:5:_write	24	static
../Drivers/Ethernet_W550/wizchip_port.c:54:6:W5500_Select	8	static
../Drivers/Ethernet_W550/wizchip_port.c:55:6:W5500_Unselect	8	static
../Drivers/Ethernet_W550/wizchip_port.c:57:9:W5500_ReadByte	24	static
../Drivers/Ethernet_W550/wizchip_port.c:65:6:W5500_WriteByte	16	static
../Drivers/Ethernet_W550/wizchip_port.c:78:6:Callback_IPAssigned	4	static
../Drivers/Ethernet_W550/wizchip_port.c:82:6:Callback_IPConflict	4	static
../Drivers/Ethernet_W550/wizchip_port.c:90:5:W5500_Init	72	static
